<html>
<body>
<pre>
<h1>礦ision Build Log</h1>
<h2>Tool Versions:</h2>
IDE-Version: μVision V5.36.0.0
Copyright (C) 2021 ARM Ltd and ARM Germany GmbH. All rights reserved.
License Information: s SBT, HP Inc., LIC=YA39H-W8ZCL-9UA4U-SPHBA-UIXFM-NU596
 
Tool Versions:
Toolchain:       MDK-ARM Plus  Version: 5.36.0.0
Toolchain Path:  E:\Keil\ARM\ARMCC\Bin
C Compiler:      Armcc.exe V5.06 update 7 (build 960)
Assembler:       Armasm.exe V5.06 update 7 (build 960)
Linker/Locator:  ArmLink.exe V5.06 update 7 (build 960)
Library Manager: ArmAr.exe V5.06 update 7 (build 960)
Hex Converter:   FromElf.exe V5.06 update 7 (build 960)
CPU DLL:         SARMCM3.DLL V5.36.0.0
Dialog DLL:      DCM.DLL V1.17.3.0
Target DLL:      STLink\ST-LINKIII-KEIL_SWO.dll V3.0.9.0
Dialog DLL:      TCM.DLL V1.53.0.0
 
<h2>Project:</h2>
D:\咸鱼来活\测速系统\基于STM32的激光防追尾预警系统\USER\VL53L0X.uvprojx
Project File Date:  04/25/2023

<h2>Output:</h2>
*** Using Compiler 'V5.06 update 7 (build 960)', folder: 'E:\Keil\ARM\ARMCC\Bin'
Build target 'VL53L0X'
compiling main.c...
main.c(53): warning:  #177-D: variable "Status"  was declared but never referenced
      VL53L0X_Error Status;                           // 状态
main.c(198): warning:  #167-D: argument of type "char *" is incompatible with parameter of type "u8 *"
      OLED_ShowString(40, 0, Speed);
main.c(204): warning:  #167-D: argument of type "char *" is incompatible with parameter of type "u8 *"
      OLED_ShowString(40, 2, Distance);
main.c(209): warning:  #167-D: argument of type "char *" is incompatible with parameter of type "u8 *"
      OLED_ShowString(40, 4, Level);
main.c: 4 warnings, 0 errors
linking...
Program Size: Code=29372 RO-data=820 RW-data=1740 ZI-data=1708  
FromELF: creating hex file...
"..\OBJ\VL53L0X.axf" - 0 Error(s), 4 Warning(s).

<h2>Software Packages used:</h2>

Package Vendor: Keil
                http://www.keil.com/pack/Keil.STM32F1xx_DFP.2.4.0.pack
                Keil.STM32F1xx_DFP.2.4.0
                STMicroelectronics STM32F1 Series Device Support, Drivers and Examples

<h2>Collection of Component include folders:</h2>
  E:\Keil\Packes\Keil\STM32F1xx_DFP\2.4.0\Device\Include

<h2>Collection of Component Files used:</h2>
Build Time Elapsed:  00:00:01
</pre>
</body>
</html>
