Component: ARM Compiler 5.06 update 7 (build 960) Tool: armlink [4d3601]

==============================================================================

Section Cross References

    main.o(.text) refers to dfltui.o(.text) for __aeabi_ui2d
    main.o(.text) refers to ddiv.o(.text) for __aeabi_ddiv
    main.o(.text) refers to dscalb.o(.text) for __ARM_scalbn
    main.o(.text) refers to dfixui.o(.text) for __aeabi_d2uiz
    main.o(.text) refers to oled.o(.text) for OLED_Set_Pos
    main.o(.text) refers to printfa.o(i.__0sprintf) for __2sprintf
    main.o(.text) refers to misc.o(.text) for NVIC_PriorityGroupConfig
    main.o(.text) refers to delay.o(.text) for delay_init
    main.o(.text) refers to usart.o(.text) for uart_init
    main.o(.text) refers to led.o(.text) for Key_GPIO_Config
    main.o(.text) refers to exti.o(.text) for EXTI_Configuration
    main.o(.text) refers to vl53l0x.o(.text) for vl53l0x_init
    main.o(.text) refers to vl53l0x_gen.o(.text) for vl53l0x_set_mode
    main.o(.text) refers to stm32f10x_tim.o(.text) for TIM_Cmd
    main.o(.text) refers to dmul.o(.text) for __aeabi_dmul
    main.o(.text) refers to vl53l0x_gen.o(.data) for Distance_data
    main.o(.text) refers to main.o(.data) for .data
    main.o(.text) refers to vl53l0x.o(.bss) for vl53l0x_dev
    system_stm32f10x.o(.text) refers to system_stm32f10x.o(.data) for .data
    led.o(.text) refers to stm32f10x_rcc.o(.text) for RCC_APB1PeriphClockCmd
    led.o(.text) refers to stm32f10x_tim.o(.text) for TIM_DeInit
    led.o(.text) refers to misc.o(.text) for NVIC_Init
    led.o(.text) refers to stm32f10x_gpio.o(.text) for GPIO_Init
    led.o(.text) refers to delay.o(.text) for delay_ms
    key.o(.text) refers to stm32f10x_rcc.o(.text) for RCC_APB2PeriphClockCmd
    key.o(.text) refers to stm32f10x_gpio.o(.text) for GPIO_PinRemapConfig
    key.o(.text) refers to delay.o(.text) for delay_ms
    key.o(.text) refers to key.o(.data) for .data
    myiic.o(.text) refers to stm32f10x_rcc.o(.text) for RCC_APB2PeriphClockCmd
    myiic.o(.text) refers to stm32f10x_gpio.o(.text) for GPIO_Init
    myiic.o(.text) refers to delay.o(.text) for delay_us
    24cxx.o(.text) refers to myiic.o(.text) for IIC_Init
    24cxx.o(.text) refers to delay.o(.text) for delay_ms
    oled.o(.text) refers to stm32f10x_gpio.o(.text) for GPIO_SetBits
    oled.o(.text) refers to stm32f10x_rcc.o(.text) for RCC_APB2PeriphClockCmd
    oled.o(.text) refers to delay.o(.text) for delay_ms
    oled.o(.text) refers to oled.o(.constdata) for .constdata
    oled.o(.text) refers to oled.o(.data) for .data
    exti.o(.text) refers to stm32f10x_rcc.o(.text) for RCC_APB2PeriphClockCmd
    exti.o(.text) refers to stm32f10x_gpio.o(.text) for GPIO_Init
    exti.o(.text) refers to stm32f10x_exti.o(.text) for EXTI_Init
    exti.o(.text) refers to misc.o(.text) for NVIC_Init
    exti.o(.text) refers to main.o(.data) for Speed_1
    delay.o(.text) refers to misc.o(.text) for SysTick_CLKSourceConfig
    delay.o(.text) refers to system_stm32f10x.o(.data) for SystemCoreClock
    delay.o(.text) refers to delay.o(.data) for .data
    usart.o(.text) refers to stm32f10x_rcc.o(.text) for RCC_APB2PeriphClockCmd
    usart.o(.text) refers to stm32f10x_gpio.o(.text) for GPIO_Init
    usart.o(.text) refers to misc.o(.text) for NVIC_Init
    usart.o(.text) refers to stm32f10x_usart.o(.text) for USART_Init
    usart.o(.text) refers to usart.o(.data) for .data
    usart.o(.text) refers to usart.o(.bss) for .bss
    startup_stm32f10x_md.o(RESET) refers to startup_stm32f10x_md.o(STACK) for __initial_sp
    startup_stm32f10x_md.o(RESET) refers to startup_stm32f10x_md.o(.text) for Reset_Handler
    startup_stm32f10x_md.o(RESET) refers to stm32f10x_it.o(.text) for NMI_Handler
    startup_stm32f10x_md.o(RESET) refers to exti.o(.text) for EXTI0_IRQHandler
    startup_stm32f10x_md.o(RESET) refers to main.o(.text) for TIM3_IRQHandler
    startup_stm32f10x_md.o(RESET) refers to usart.o(.text) for USART1_IRQHandler
    startup_stm32f10x_md.o(.text) refers to system_stm32f10x.o(.text) for SystemInit
    startup_stm32f10x_md.o(.text) refers to entry.o(.ARM.Collect$$$$00000000) for __main
    stm32f10x_gpio.o(.text) refers to stm32f10x_rcc.o(.text) for RCC_APB2PeriphResetCmd
    stm32f10x_rcc.o(.text) refers to stm32f10x_rcc.o(.data) for .data
    stm32f10x_usart.o(.text) refers to stm32f10x_rcc.o(.text) for RCC_APB2PeriphResetCmd
    stm32f10x_tim.o(.text) refers to stm32f10x_rcc.o(.text) for RCC_APB1PeriphResetCmd
    vl53l0x_api.o(.text) refers to vl53l0x_platform.o(.text) for VL53L0X_RdByte
    vl53l0x_api.o(.text) refers to vl53l0x_api_strings.o(.text) for VL53L0X_get_device_info
    vl53l0x_api.o(.text) refers to vl53l0x_api_core.o(.text) for VL53L0X_get_vcsel_pulse_period
    vl53l0x_api.o(.text) refers to vl53l0x_api_calibration.o(.text) for VL53L0X_get_offset_calibration_data_micro_meter
    vl53l0x_api.o(.text) refers to memseta.o(.text) for __aeabi_memclr4
[...]
    entry9b.o(.ARM.Collect$$$$0000000C) refers to main.o(.text) for main
    uldiv.o(.text) refers to llushr.o(.text) for __aeabi_llsr
    uldiv.o(.text) refers to llshl.o(.text) for __aeabi_llsl
    depilogue.o(.text) refers to llshl.o(.text) for __aeabi_llsl
    depilogue.o(.text) refers to llushr.o(.text) for __aeabi_llsr
    dadd.o(.text) refers to llshl.o(.text) for __aeabi_llsl
    dadd.o(.text) refers to llsshr.o(.text) for __aeabi_lasr
    dadd.o(.text) refers to depilogue.o(.text) for _double_epilogue
    dfixul.o(.text) refers to llushr.o(.text) for __aeabi_llsr
    dfixul.o(.text) refers to llshl.o(.text) for __aeabi_llsl
    init.o(.text) refers to entry5.o(.ARM.Collect$$$$00000004) for __main_after_scatterload


==============================================================================

Removing Unused input sections from the image.

    Removing key.o(.text), (256 bytes).
    Removing key.o(.data), (1 bytes).
    Removing myiic.o(.text), (552 bytes).
    Removing 24cxx.o(.text), (318 bytes).
    Removing oled.o(.constdata), (1520 bytes).
    Removing sys.o(.emb_text), (6 bytes).
    Removing sys.o(.text), (12 bytes).
    Removing core_cm3.o(.emb_text), (32 bytes).
    Removing startup_stm32f10x_md.o(HEAP), (512 bytes).

9 unused section(s) (total 3209 bytes) removed from the image.

==============================================================================

Image Symbol Table

    Local Symbols

    Symbol Name                              Value     Ov Type        Size  Object(Section)

    ../clib/../cmprslib/zerorunl2.c          0x00000000   Number         0  __dczerorl2.o ABSOLUTE
    ../clib/microlib/division.c              0x00000000   Number         0  uldiv.o ABSOLUTE
    ../clib/microlib/division.c              0x00000000   Number         0  uidiv.o ABSOLUTE
    ../clib/microlib/init/entry.s            0x00000000   Number         0  entry11a.o ABSOLUTE
    ../clib/microlib/init/entry.s            0x00000000   Number         0  entry12a.o ABSOLUTE
    ../clib/microlib/init/entry.s            0x00000000   Number         0  entry11b.o ABSOLUTE
    ../clib/microlib/init/entry.s            0x00000000   Number         0  entry5.o ABSOLUTE
    ../clib/microlib/init/entry.s            0x00000000   Number         0  entry10b.o ABSOLUTE
    ../clib/microlib/init/entry.s            0x00000000   Number         0  entry10a.o ABSOLUTE
    ../clib/microlib/init/entry.s            0x00000000   Number         0  entry8a.o ABSOLUTE
    ../clib/microlib/init/entry.s            0x00000000   Number         0  entry9b.o ABSOLUTE
    ../clib/microlib/init/entry.s            0x00000000   Number         0  entry.o ABSOLUTE
    ../clib/microlib/init/entry.s            0x00000000   Number         0  entry7b.o ABSOLUTE
    ../clib/microlib/init/entry.s            0x00000000   Number         0  entry12b.o ABSOLUTE
    ../clib/microlib/init/entry.s            0x00000000   Number         0  entry2.o ABSOLUTE
    ../clib/microlib/init/entry.s            0x00000000   Number         0  entry9a.o ABSOLUTE
    ../clib/microlib/init/entry.s            0x00000000   Number         0  entry7a.o ABSOLUTE
    ../clib/microlib/init/entry.s            0x00000000   Number         0  entry8b.o ABSOLUTE
    ../clib/microlib/longlong.c              0x00000000   Number         0  llshl.o ABSOLUTE
    ../clib/microlib/longlong.c              0x00000000   Number         0  llsshr.o ABSOLUTE
    ../clib/microlib/longlong.c              0x00000000   Number         0  llushr.o ABSOLUTE
    ../clib/microlib/printf/printf.c         0x00000000   Number         0  printf3.o ABSOLUTE
    ../clib/microlib/printf/printf.c         0x00000000   Number         0  printfb.o ABSOLUTE
    ../clib/microlib/printf/printf.c         0x00000000   Number         0  printf7.o ABSOLUTE
    ../clib/microlib/printf/printf.c         0x00000000   Number         0  printf8.o ABSOLUTE
    ../clib/microlib/printf/printf.c         0x00000000   Number         0  printfa.o ABSOLUTE
    ../clib/microlib/printf/printf.c         0x00000000   Number         0  printf0.o ABSOLUTE
    ../clib/microlib/printf/printf.c         0x00000000   Number         0  printf2.o ABSOLUTE
    ../clib/microlib/printf/printf.c         0x00000000   Number         0  printf5.o ABSOLUTE
    ../clib/microlib/printf/printf.c         0x00000000   Number         0  printf4.o ABSOLUTE
    ../clib/microlib/printf/printf.c         0x00000000   Number         0  printf6.o ABSOLUTE
    ../clib/microlib/printf/printf.c         0x00000000   Number         0  printf1.o ABSOLUTE
    ../clib/microlib/printf/stubs.s          0x00000000   Number         0  stubs.o ABSOLUTE
    ../clib/microlib/string/memcpy.c         0x00000000   Number         0  memcpya.o ABSOLUTE
    ../clib/microlib/string/memcpy.c         0x00000000   Number         0  memcpyb.o ABSOLUTE
    ../clib/microlib/string/memset.c         0x00000000   Number         0  memseta.o ABSOLUTE
    ../clib/microlib/string/strcpy.c         0x00000000   Number         0  strcpy.o ABSOLUTE
    ../clib/microlib/stubs.s                 0x00000000   Number         0  useno.o ABSOLUTE
    ../clib/microlib/stubs.s                 0x00000000   Number         0  iusefp.o ABSOLUTE
    ../fplib/microlib/fpadd.c                0x00000000   Number         0  dadd.o ABSOLUTE
    ../fplib/microlib/fpdiv.c                0x00000000   Number         0  ddiv.o ABSOLUTE
    ../fplib/microlib/fpepilogue.c           0x00000000   Number         0  depilogue.o ABSOLUTE
    ../fplib/microlib/fpfix.c                0x00000000   Number         0  dfixui.o ABSOLUTE
    ../fplib/microlib/fpfix.c                0x00000000   Number         0  dfixul.o ABSOLUTE
    ../fplib/microlib/fpflt.c                0x00000000   Number         0  dfltui.o ABSOLUTE
    ../fplib/microlib/fpmul.c                0x00000000   Number         0  dmul.o ABSOLUTE
    ../fplib/microlib/fpscalb.c              0x00000000   Number         0  dscalb.o ABSOLUTE
    ..\CORE\core_cm3.c                       0x00000000   Number         0  core_cm3.o ABSOLUTE
    ..\CORE\startup_stm32f10x_md.s           0x00000000   Number         0  startup_stm32f10x_md.o ABSOLUTE
    ..\HARDWARE\24CXX\24cxx.c                0x00000000   Number         0  24cxx.o ABSOLUTE
    ..\HARDWARE\EXIT\exti.c                  0x00000000   Number         0  exti.o ABSOLUTE
    ..\HARDWARE\IIC\myiic.c                  0x00000000   Number         0  myiic.o ABSOLUTE
    ..\HARDWARE\KEY\key.c                    0x00000000   Number         0  key.o ABSOLUTE
    ..\HARDWARE\LED\led.c                    0x00000000   Number         0  led.o ABSOLUTE
    ..\HARDWARE\OLED\oled.c                  0x00000000   Number         0  oled.o ABSOLUTE
    ..\HARDWARE\VL53L0X\core\src\vl53l0x_api.c 0x00000000   Number         0  vl53l0x_api.o ABSOLUTE
    ..\HARDWARE\VL53L0X\core\src\vl53l0x_api_calibration.c 0x00000000   Number         0  vl53l0x_api_calibration.o ABSOLUTE
    ..\HARDWARE\VL53L0X\core\src\vl53l0x_api_core.c 0x00000000   Number         0  vl53l0x_api_core.o ABSOLUTE
    ..\HARDWARE\VL53L0X\core\src\vl53l0x_api_ranging.c 0x00000000   Number         0  vl53l0x_api_ranging.o ABSOLUTE
    ..\HARDWARE\VL53L0X\core\src\vl53l0x_api_strings.c 0x00000000   Number         0  vl53l0x_api_strings.o ABSOLUTE
    ..\HARDWARE\VL53L0X\demo\vl53l0x.c       0x00000000   Number         0  vl53l0x.o ABSOLUTE
    ..\HARDWARE\VL53L0X\demo\vl53l0x_gen.c   0x00000000   Number         0  vl53l0x_gen.o ABSOLUTE
    ..\HARDWARE\VL53L0X\platform\src\vl53l0x_i2c.c 0x00000000   Number         0  vl53l0x_i2c.o ABSOLUTE
    ..\HARDWARE\VL53L0X\platform\src\vl53l0x_platform.c 0x00000000   Number         0  vl53l0x_platform.o ABSOLUTE
    ..\STM32F10x_FWLib\src\misc.c            0x00000000   Number         0  misc.o ABSOLUTE
    ..\STM32F10x_FWLib\src\stm32f10x_exti.c  0x00000000   Number         0  stm32f10x_exti.o ABSOLUTE
    ..\STM32F10x_FWLib\src\stm32f10x_gpio.c  0x00000000   Number         0  stm32f10x_gpio.o ABSOLUTE
    ..\STM32F10x_FWLib\src\stm32f10x_rcc.c   0x00000000   Number         0  stm32f10x_rcc.o ABSOLUTE
    ..\STM32F10x_FWLib\src\stm32f10x_tim.c   0x00000000   Number         0  stm32f10x_tim.o ABSOLUTE
    ..\STM32F10x_FWLib\src\stm32f10x_usart.c 0x00000000   Number         0  stm32f10x_usart.o ABSOLUTE
    ..\SYSTEM\delay\delay.c                  0x00000000   Number         0  delay.o ABSOLUTE
    ..\SYSTEM\sys\sys.c                      0x00000000   Number         0  sys.o ABSOLUTE
    ..\SYSTEM\usart\usart.c                  0x00000000   Number         0  usart.o ABSOLUTE
    ..\\CORE\\core_cm3.c                     0x00000000   Number         0  core_cm3.o ABSOLUTE
    ..\\SYSTEM\\sys\\sys.c                   0x00000000   Number         0  sys.o ABSOLUTE
    cdrcmple.s                               0x00000000   Number         0  cdrcmple.o ABSOLUTE
    dc.s                                     0x00000000   Number         0  dc.o ABSOLUTE
    handlers.s                               0x00000000   Number         0  handlers.o ABSOLUTE
    init.s                                   0x00000000   Number         0  init.o ABSOLUTE
    main.c                                   0x00000000   Number         0  main.o ABSOLUTE
    stm32f10x_it.c                           0x00000000   Number         0  stm32f10x_it.o ABSOLUTE
    system_stm32f10x.c                       0x00000000   Number         0  system_stm32f10x.o ABSOLUTE
    RESET                                    0x08000000   Section      236  startup_stm32f10x_md.o(RESET)
    .ARM.Collect$$$$00000000                 0x080000ec   Section        0  entry.o(.ARM.Collect$$$$00000000)
    .ARM.Collect$$$$00000001                 0x080000ec   Section        4  entry2.o(.ARM.Collect$$$$00000001)
    .ARM.Collect$$$$00000004                 0x080000f0   Section        4  entry5.o(.ARM.Collect$$$$00000004)
    .ARM.Collect$$$$00000008                 0x080000f4   Section        0  entry7b.o(.ARM.Collect$$$$00000008)
    .ARM.Collect$$$$0000000A                 0x080000f4   Section        0  entry8b.o(.ARM.Collect$$$$0000000A)
    .ARM.Collect$$$$0000000B                 0x080000f4   Section        8  entry9a.o(.ARM.Collect$$$$0000000B)
    .ARM.Collect$$$$0000000E                 0x080000fc   Section        4  entry12b.o(.ARM.Collect$$$$0000000E)
    .ARM.Collect$$$$0000000F                 0x08000100   Section        0  entry10a.o(.ARM.Collect$$$$0000000F)
    .ARM.Collect$$$$00000011                 0x08000100   Section        0  entry11a.o(.ARM.Collect$$$$00000011)
    .ARM.Collect$$$$00002712                 0x08000100   Section        4  entry2.o(.ARM.Collect$$$$00002712)
    __lit__00000000                          0x08000100   Data           4  entry2.o(.ARM.Collect$$$$00002712)
    .text                                    0x08000104   Section        0  main.o(.text)
    .text                                    0x080004f0   Section        0  stm32f10x_it.o(.text)
    .text                                    0x08000504   Section        0  system_stm32f10x.o(.text)
    SetSysClockTo72                          0x08000505   Thumb Code   160  system_stm32f10x.o(.text)
    .text                                    0x08000658   Section        0  led.o(.text)
    .text                                    0x08000948   Section        0  oled.o(.text)
    .text                                    0x08000d04   Section        0  exti.o(.text)
    .text                                    0x08000ddc   Section        0  delay.o(.text)
    .text                                    0x08000e74   Section        0  usart.o(.text)
    .text                                    0x08000f88   Section       36  startup_stm32f10x_md.o(.text)
    .text                                    0x08000fac   Section        0  stm32f10x_gpio.o(.text)
    .text                                    0x08001218   Section        0  stm32f10x_rcc.o(.text)
    .text                                    0x080014cc   Section        0  stm32f10x_usart.o(.text)
    .text                                    0x080017f4   Section        0  misc.o(.text)
    .text                                    0x080018a4   Section        0  stm32f10x_exti.o(.text)
    .text                                    0x0800198c   Section        0  stm32f10x_tim.o(.text)
    TI2_Config                               0x08001d1f   Thumb Code   166  stm32f10x_tim.o(.text)
    TI1_Config                               0x08001dd5   Thumb Code    88  stm32f10x_tim.o(.text)
    .text                                    0x08002480   Section        0  vl53l0x_api.o(.text)
    .text                                    0x08003808   Section        0  vl53l0x_api_calibration.o(.text)
    .text                                    0x080041fc   Section        0  vl53l0x_api_core.o(.text)
    .text                                    0x08005428   Section        0  vl53l0x_api_strings.o(.text)
    .text                                    0x08005ba4   Section        0  vl53l0x_i2c.o(.text)
    .text                                    0x08005fd4   Section        0  vl53l0x_platform.o(.text)
    .text                                    0x080060e8   Section        0  vl53l0x.o(.text)
    .text                                    0x080062c0   Section        0  vl53l0x_gen.o(.text)
    .text                                    0x08006444   Section        0  memcpya.o(.text)
    .text                                    0x08006468   Section        0  memseta.o(.text)
    .text                                    0x0800648c   Section        0  strcpy.o(.text)
    .text                                    0x0800649e   Section        0  dmul.o(.text)
    .text                                    0x08006582   Section        0  ddiv.o(.text)
    .text                                    0x08006660   Section        0  dscalb.o(.text)
    .text                                    0x0800668e   Section        0  dfltui.o(.text)
    .text                                    0x080066a8   Section        0  dfixui.o(.text)
    .text                                    0x080066da   Section        0  uidiv.o(.text)
    .text                                    0x08006706   Section        0  uldiv.o(.text)
    .text                                    0x08006768   Section        0  llushr.o(.text)
    .text                                    0x08006788   Section        0  iusefp.o(.text)
    .text                                    0x08006788   Section        0  depilogue.o(.text)
    .text                                    0x08006842   Section        0  dadd.o(.text)
    .text                                    0x08006990   Section        0  dfixul.o(.text)
    .text                                    0x080069c0   Section       48  cdrcmple.o(.text)
    .text                                    0x080069f0   Section       36  init.o(.text)
    .text                                    0x08006a14   Section        0  llshl.o(.text)
    .text                                    0x08006a32   Section        0  llsshr.o(.text)
    .text                                    0x08006a56   Section        0  __dczerorl2.o(.text)
    i.__0printf                              0x08006aac   Section        0  printfa.o(i.__0printf)
    i.__0sprintf                             0x08006acc   Section        0  printfa.o(i.__0sprintf)
    i.__scatterload_copy                     0x08006af4   Section       14  handlers.o(i.__scatterload_copy)
    i.__scatterload_null                     0x08006b02   Section        2  handlers.o(i.__scatterload_null)
    i.__scatterload_zeroinit                 0x08006b04   Section       14  handlers.o(i.__scatterload_zeroinit)
    i._fp_digits                             0x08006b14   Section        0  printfa.o(i._fp_digits)
    _fp_digits                               0x08006b15   Thumb Code   366  printfa.o(i._fp_digits)
    i._printf_core                           0x08006c98   Section        0  printfa.o(i._printf_core)
    _printf_core                             0x08006c99   Thumb Code  1704  printfa.o(i._printf_core)
    i._printf_post_padding                   0x0800734c   Section        0  printfa.o(i._printf_post_padding)
    _printf_post_padding                     0x0800734d   Thumb Code    36  printfa.o(i._printf_post_padding)
    i._printf_pre_padding                    0x08007370   Section        0  printfa.o(i._printf_pre_padding)
    _printf_pre_padding                      0x08007371   Thumb Code    46  printfa.o(i._printf_pre_padding)
    i._sputc                                 0x0800739e   Section        0  printfa.o(i._sputc)
    _sputc                                   0x0800739f   Thumb Code    10  printfa.o(i._sputc)
    .constdata                               0x080073a8   Section      552  oled.o(.constdata)
    .data                                    0x20000000   Section       32  main.o(.data)
    .data                                    0x20000020   Section       20  system_stm32f10x.o(.data)
    .data                                    0x20000034   Section      896  oled.o(.data)
    .data                                    0x200003b4   Section        4  delay.o(.data)
    fac_us                                   0x200003b4   Data           1  delay.o(.data)
    fac_ms                                   0x200003b6   Data           2  delay.o(.data)
    .data                                    0x200003b8   Section        2  usart.o(.data)
    .data                                    0x200003bc   Section        4  usart.o(.data)
    .data                                    0x200003c0   Section       20  stm32f10x_rcc.o(.data)
    ADCPrescTable                            0x200003c0   Data           4  stm32f10x_rcc.o(.data)
    APBAHBPrescTable                         0x200003c4   Data          16  stm32f10x_rcc.o(.data)
    .data                                    0x200003d4   Section      681  vl53l0x_api.o(.data)
    .data                                    0x20000680   Section       16  vl53l0x_api_calibration.o(.data)
    .data                                    0x20000690   Section        1  vl53l0x.o(.data)
    .data                                    0x20000691   Section       56  vl53l0x.o(.data)
    .data                                    0x200006ca   Section        2  vl53l0x_gen.o(.data)
    .bss                                     0x200006cc   Section      200  usart.o(.bss)
    .bss                                     0x20000794   Section      451  vl53l0x.o(.bss)
    .bss                                     0x20000958   Section       28  vl53l0x_gen.o(.bss)
    STACK                                    0x20000978   Section     1024  startup_stm32f10x_md.o(STACK)

    Global Symbols

    Symbol Name                              Value     Ov Type        Size  Object(Section)

    BuildAttributes$$THM_ISAv4$P$D$K$B$S$PE$A:L22UL41UL21$X:L11$S22US41US21$IEEE1$IW$USESV6$~STKCKD$USESV7$~SHL$OSPACE$ROPI$EBA8$MICROLIB$REQ8$PRES8$EABIv2 0x00000000   Number         0  anon$$obj.o ABSOLUTE
    __ARM_use_no_argv                        0x00000000   Number         0  main.o ABSOLUTE
    __use_no_errno                           0x00000000   Number         0  useno.o ABSOLUTE
    __use_no_exception_handling              0x00000000   Number         0  useno.o ABSOLUTE
    __use_no_fp                              0x00000000   Number         0  useno.o ABSOLUTE
    __use_no_heap                            0x00000000   Number         0  useno.o ABSOLUTE
    __use_no_heap_region                     0x00000000   Number         0  useno.o ABSOLUTE
    __use_no_semihosting                     0x00000000   Number         0  useno.o ABSOLUTE
    __use_no_semihosting_swi                 0x00000000   Number         0  useno.o ABSOLUTE
    __use_no_signal_handling                 0x00000000   Number         0  useno.o ABSOLUTE
    _printf_a                                0x00000000   Number         0  stubs.o ABSOLUTE
    _printf_c                                0x00000000   Number         0  stubs.o ABSOLUTE
    _printf_charcount                        0x00000000   Number         0  stubs.o ABSOLUTE
    _printf_d                                0x00000000   Number         0  stubs.o ABSOLUTE
    _printf_e                                0x00000000   Number         0  stubs.o ABSOLUTE
    _printf_f                                0x00000000   Number         0  stubs.o ABSOLUTE
    _printf_flags                            0x00000000   Number         0  stubs.o ABSOLUTE
    _printf_fp_dec                           0x00000000   Number         0  stubs.o ABSOLUTE
    _printf_fp_hex                           0x00000000   Number         0  stubs.o ABSOLUTE
    _printf_g                                0x00000000   Number         0  stubs.o ABSOLUTE
    _printf_i                                0x00000000   Number         0  stubs.o ABSOLUTE
    _printf_int_dec                          0x00000000   Number         0  stubs.o ABSOLUTE
    _printf_l                                0x00000000   Number         0  stubs.o ABSOLUTE
    _printf_lc                               0x00000000   Number         0  stubs.o ABSOLUTE
    _printf_ll                               0x00000000   Number         0  stubs.o ABSOLUTE
    _printf_lld                              0x00000000   Number         0  stubs.o ABSOLUTE
    _printf_lli                              0x00000000   Number         0  stubs.o ABSOLUTE
    _printf_llo                              0x00000000   Number         0  stubs.o ABSOLUTE
    _printf_llu                              0x00000000   Number         0  stubs.o ABSOLUTE
    _printf_llx                              0x00000000   Number         0  stubs.o ABSOLUTE
    _printf_longlong_dec                     0x00000000   Number         0  stubs.o ABSOLUTE
    _printf_longlong_hex                     0x00000000   Number         0  stubs.o ABSOLUTE
    _printf_longlong_oct                     0x00000000   Number         0  stubs.o ABSOLUTE
    _printf_ls                               0x00000000   Number         0  stubs.o ABSOLUTE
    _printf_mbtowc                           0x00000000   Number         0  stubs.o ABSOLUTE
    _printf_n                                0x00000000   Number         0  stubs.o ABSOLUTE
    _printf_o                                0x00000000   Number         0  stubs.o ABSOLUTE
    _printf_p                                0x00000000   Number         0  stubs.o ABSOLUTE
    _printf_percent                          0x00000000   Number         0  stubs.o ABSOLUTE
    _printf_pre_padding                      0x00000000   Number         0  stubs.o ABSOLUTE
    _printf_return_value                     0x00000000   Number         0  stubs.o ABSOLUTE
    _printf_s                                0x00000000   Number         0  stubs.o ABSOLUTE
    _printf_sizespec                         0x00000000   Number         0  stubs.o ABSOLUTE
    _printf_str                              0x00000000   Number         0  stubs.o ABSOLUTE
    _printf_truncate_signed                  0x00000000   Number         0  stubs.o ABSOLUTE
    _printf_truncate_unsigned                0x00000000   Number         0  stubs.o ABSOLUTE
    _printf_u                                0x00000000   Number         0  stubs.o ABSOLUTE
    _printf_wc                               0x00000000   Number         0  stubs.o ABSOLUTE
    _printf_wctomb                           0x00000000   Number         0  stubs.o ABSOLUTE
    _printf_widthprec                        0x00000000   Number         0  stubs.o ABSOLUTE
    _printf_x                                0x00000000   Number         0  stubs.o ABSOLUTE
    __arm_fini_                               - Undefined Weak Reference
    __cpp_initialize__aeabi_                  - Undefined Weak Reference
    __cxa_finalize                            - Undefined Weak Reference
    _clock_init                               - Undefined Weak Reference
    _microlib_exit                            - Undefined Weak Reference
    __Vectors_Size                           0x000000ec   Number         0  startup_stm32f10x_md.o ABSOLUTE
    __Vectors                                0x08000000   Data           4  startup_stm32f10x_md.o(RESET)
    __Vectors_End                            0x080000ec   Data           0  startup_stm32f10x_md.o(RESET)
    __main                                   0x080000ed   Thumb Code     0  entry.o(.ARM.Collect$$$$00000000)
    _main_stk                                0x080000ed   Thumb Code     0  entry2.o(.ARM.Collect$$$$00000001)
    _main_scatterload                        0x080000f1   Thumb Code     0  entry5.o(.ARM.Collect$$$$00000004)
    __main_after_scatterload                 0x080000f5   Thumb Code     0  entry5.o(.ARM.Collect$$$$00000004)
    _main_clock                              0x080000f5   Thumb Code     0  entry7b.o(.ARM.Collect$$$$00000008)
    _main_cpp_init                           0x080000f5   Thumb Code     0  entry8b.o(.ARM.Collect$$$$0000000A)
    _main_init                               0x080000f5   Thumb Code     0  entry9a.o(.ARM.Collect$$$$0000000B)
    __rt_lib_shutdown_fini                   0x080000fd   Thumb Code     0  entry12b.o(.ARM.Collect$$$$0000000E)
    __rt_final_cpp                           0x08000101   Thumb Code     0  entry10a.o(.ARM.Collect$$$$0000000F)
    __rt_final_exit                          0x08000101   Thumb Code     0  entry11a.o(.ARM.Collect$$$$00000011)
    OLED_DIS_Level                           0x08000105   Thumb Code    78  main.o(.text)
    OLED_UI                                  0x08000153   Thumb Code   286  main.o(.text)
    main                                     0x08000271   Thumb Code   362  main.o(.text)
    TIM4_IRQHandler                          0x080003db   Thumb Code    70  main.o(.text)
    TIM3_IRQHandler                          0x08000421   Thumb Code    86  main.o(.text)
    NMI_Handler                              0x080004f1   Thumb Code     2  stm32f10x_it.o(.text)
    HardFault_Handler                        0x080004f3   Thumb Code     2  stm32f10x_it.o(.text)
    MemManage_Handler                        0x080004f5   Thumb Code     2  stm32f10x_it.o(.text)
    BusFault_Handler                         0x080004f7   Thumb Code     2  stm32f10x_it.o(.text)
    UsageFault_Handler                       0x080004f9   Thumb Code     2  stm32f10x_it.o(.text)
    SVC_Handler                              0x080004fb   Thumb Code     2  stm32f10x_it.o(.text)
    DebugMon_Handler                         0x080004fd   Thumb Code     2  stm32f10x_it.o(.text)
    PendSV_Handler                           0x080004ff   Thumb Code     2  stm32f10x_it.o(.text)
    SysTick_Handler                          0x08000501   Thumb Code     2  stm32f10x_it.o(.text)
    SystemInit                               0x080005a5   Thumb Code    64  system_stm32f10x.o(.text)
    SystemCoreClockUpdate                    0x080005e5   Thumb Code    84  system_stm32f10x.o(.text)
    TIM3_Config                              0x08000659   Thumb Code   108  led.o(.text)
    TIM4_Configuration                       0x080006c5   Thumb Code   100  led.o(.text)
    Init_Pwm                                 0x08000729   Thumb Code   262  led.o(.text)
    Motor_On                                 0x0800082f   Thumb Code    32  led.o(.text)
    LED_Init                                 0x0800084f   Thumb Code    62  led.o(.text)
    Beep_Init                                0x0800088d   Thumb Code    48  led.o(.text)
    Input_Scan                               0x080008bd   Thumb Code    54  led.o(.text)
    Key_GPIO_Config                          0x080008f3   Thumb Code    60  led.o(.text)
    OLED_WR_Byte                             0x08000949   Thumb Code   118  oled.o(.text)
    OLED_Set_Pos                             0x080009bf   Thumb Code    42  oled.o(.text)
    OLED_Display_On                          0x080009e9   Thumb Code    28  oled.o(.text)
    OLED_Display_Off                         0x08000a05   Thumb Code    28  oled.o(.text)
    OLED_Clear                               0x08000a21   Thumb Code    60  oled.o(.text)
    OLED_ShowChar                            0x08000a5d   Thumb Code    54  oled.o(.text)
    oled_pow                                 0x08000a93   Thumb Code    16  oled.o(.text)
    OLED_ShowNum                             0x08000aa3   Thumb Code    98  oled.o(.text)
    OLED_ShowString                          0x08000b05   Thumb Code    50  oled.o(.text)
    OLED_ShowCHinese                         0x08000b37   Thumb Code    72  oled.o(.text)
    OLED_DrawBMP                             0x08000b7f   Thumb Code    64  oled.o(.text)
    OLED_Init                                0x08000bbf   Thumb Code   312  oled.o(.text)
    GPIO_Configuration                       0x08000d05   Thumb Code    32  exti.o(.text)
    EXTI_Configuration                       0x08000d25   Thumb Code   108  exti.o(.text)
    EXTI0_IRQHandler                         0x08000d91   Thumb Code    32  exti.o(.text)
    EXTI1_IRQHandler                         0x08000db1   Thumb Code    32  exti.o(.text)
    delay_init                               0x08000ddd   Thumb Code    46  delay.o(.text)
    delay_us                                 0x08000e0b   Thumb Code    46  delay.o(.text)
    delay_ms                                 0x08000e39   Thumb Code    46  delay.o(.text)
    _sys_exit                                0x08000e75   Thumb Code     2  usart.o(.text)
    fputc                                    0x08000e77   Thumb Code    18  usart.o(.text)
    uart_init                                0x08000e89   Thumb Code   152  usart.o(.text)
    USART1_IRQHandler                        0x08000f21   Thumb Code    88  usart.o(.text)
    Reset_Handler                            0x08000f89   Thumb Code     8  startup_stm32f10x_md.o(.text)
    ADC1_2_IRQHandler                        0x08000fa3   Thumb Code     0  startup_stm32f10x_md.o(.text)
    CAN1_RX1_IRQHandler                      0x08000fa3   Thumb Code     0  startup_stm32f10x_md.o(.text)
    CAN1_SCE_IRQHandler                      0x08000fa3   Thumb Code     0  startup_stm32f10x_md.o(.text)
    DMA1_Channel1_IRQHandler                 0x08000fa3   Thumb Code     0  startup_stm32f10x_md.o(.text)
    DMA1_Channel2_IRQHandler                 0x08000fa3   Thumb Code     0  startup_stm32f10x_md.o(.text)
    DMA1_Channel3_IRQHandler                 0x08000fa3   Thumb Code     0  startup_stm32f10x_md.o(.text)
    DMA1_Channel4_IRQHandler                 0x08000fa3   Thumb Code     0  startup_stm32f10x_md.o(.text)
    DMA1_Channel5_IRQHandler                 0x08000fa3   Thumb Code     0  startup_stm32f10x_md.o(.text)
    DMA1_Channel6_IRQHandler                 0x08000fa3   Thumb Code     0  startup_stm32f10x_md.o(.text)
    DMA1_Channel7_IRQHandler                 0x08000fa3   Thumb Code     0  startup_stm32f10x_md.o(.text)
    EXTI15_10_IRQHandler                     0x08000fa3   Thumb Code     0  startup_stm32f10x_md.o(.text)
    EXTI2_IRQHandler                         0x08000fa3   Thumb Code     0  startup_stm32f10x_md.o(.text)
    EXTI3_IRQHandler                         0x08000fa3   Thumb Code     0  startup_stm32f10x_md.o(.text)
    EXTI4_IRQHandler                         0x08000fa3   Thumb Code     0  startup_stm32f10x_md.o(.text)
    EXTI9_5_IRQHandler                       0x08000fa3   Thumb Code     0  startup_stm32f10x_md.o(.text)
    FLASH_IRQHandler                         0x08000fa3   Thumb Code     0  startup_stm32f10x_md.o(.text)
    I2C1_ER_IRQHandler                       0x08000fa3   Thumb Code     0  startup_stm32f10x_md.o(.text)
    I2C1_EV_IRQHandler                       0x08000fa3   Thumb Code     0  startup_stm32f10x_md.o(.text)
    I2C2_ER_IRQHandler                       0x08000fa3   Thumb Code     0  startup_stm32f10x_md.o(.text)
    I2C2_EV_IRQHandler                       0x08000fa3   Thumb Code     0  startup_stm32f10x_md.o(.text)
    PVD_IRQHandler                           0x08000fa3   Thumb Code     0  startup_stm32f10x_md.o(.text)
    RCC_IRQHandler                           0x08000fa3   Thumb Code     0  startup_stm32f10x_md.o(.text)
    RTCAlarm_IRQHandler                      0x08000fa3   Thumb Code     0  startup_stm32f10x_md.o(.text)
    RTC_IRQHandler                           0x08000fa3   Thumb Code     0  startup_stm32f10x_md.o(.text)
    SPI1_IRQHandler                          0x08000fa3   Thumb Code     0  startup_stm32f10x_md.o(.text)
    SPI2_IRQHandler                          0x08000fa3   Thumb Code     0  startup_stm32f10x_md.o(.text)
    TAMPER_IRQHandler                        0x08000fa3   Thumb Code     0  startup_stm32f10x_md.o(.text)
    TIM1_BRK_IRQHandler                      0x08000fa3   Thumb Code     0  startup_stm32f10x_md.o(.text)
    TIM1_CC_IRQHandler                       0x08000fa3   Thumb Code     0  startup_stm32f10x_md.o(.text)
    TIM1_TRG_COM_IRQHandler                  0x08000fa3   Thumb Code     0  startup_stm32f10x_md.o(.text)
    TIM1_UP_IRQHandler                       0x08000fa3   Thumb Code     0  startup_stm32f10x_md.o(.text)
    TIM2_IRQHandler                          0x08000fa3   Thumb Code     0  startup_stm32f10x_md.o(.text)
    USART2_IRQHandler                        0x08000fa3   Thumb Code     0  startup_stm32f10x_md.o(.text)
    USART3_IRQHandler                        0x08000fa3   Thumb Code     0  startup_stm32f10x_md.o(.text)
    USBWakeUp_IRQHandler                     0x08000fa3   Thumb Code     0  startup_stm32f10x_md.o(.text)
    USB_HP_CAN1_TX_IRQHandler                0x08000fa3   Thumb Code     0  startup_stm32f10x_md.o(.text)
    USB_LP_CAN1_RX0_IRQHandler               0x08000fa3   Thumb Code     0  startup_stm32f10x_md.o(.text)
    WWDG_IRQHandler                          0x08000fa3   Thumb Code     0  startup_stm32f10x_md.o(.text)
    GPIO_DeInit                              0x08000fad   Thumb Code   152  stm32f10x_gpio.o(.text)
    GPIO_AFIODeInit                          0x08001045   Thumb Code    22  stm32f10x_gpio.o(.text)
    GPIO_Init                                0x0800105b   Thumb Code   164  stm32f10x_gpio.o(.text)
    GPIO_StructInit                          0x080010ff   Thumb Code    16  stm32f10x_gpio.o(.text)
    GPIO_ReadInputDataBit                    0x0800110f   Thumb Code    14  stm32f10x_gpio.o(.text)
    GPIO_ReadInputData                       0x0800111d   Thumb Code     6  stm32f10x_gpio.o(.text)
    GPIO_ReadOutputDataBit                   0x08001123   Thumb Code    14  stm32f10x_gpio.o(.text)
    GPIO_ReadOutputData                      0x08001131   Thumb Code     6  stm32f10x_gpio.o(.text)
    GPIO_SetBits                             0x08001137   Thumb Code     4  stm32f10x_gpio.o(.text)
    GPIO_ResetBits                           0x0800113b   Thumb Code     4  stm32f10x_gpio.o(.text)
    GPIO_WriteBit                            0x0800113f   Thumb Code    10  stm32f10x_gpio.o(.text)
    GPIO_Write                               0x08001149   Thumb Code     4  stm32f10x_gpio.o(.text)
    GPIO_PinLockConfig                       0x0800114d   Thumb Code    16  stm32f10x_gpio.o(.text)
    GPIO_EventOutputConfig                   0x0800115d   Thumb Code    22  stm32f10x_gpio.o(.text)
    GPIO_EventOutputCmd                      0x08001173   Thumb Code     6  stm32f10x_gpio.o(.text)
    GPIO_PinRemapConfig                      0x08001179   Thumb Code    82  stm32f10x_gpio.o(.text)
    GPIO_EXTILineConfig                      0x080011cb   Thumb Code    34  stm32f10x_gpio.o(.text)
    GPIO_ETH_MediaInterfaceConfig            0x080011ed   Thumb Code     8  stm32f10x_gpio.o(.text)
    RCC_DeInit                               0x08001219   Thumb Code    50  stm32f10x_rcc.o(.text)
    RCC_HSEConfig                            0x0800124b   Thumb Code    48  stm32f10x_rcc.o(.text)
    RCC_GetFlagStatus                        0x0800127b   Thumb Code    42  stm32f10x_rcc.o(.text)
    RCC_WaitForHSEStartUp                    0x080012a5   Thumb Code    44  stm32f10x_rcc.o(.text)
    RCC_AdjustHSICalibrationValue            0x080012d1   Thumb Code    16  stm32f10x_rcc.o(.text)
    RCC_HSICmd                               0x080012e1   Thumb Code     6  stm32f10x_rcc.o(.text)
    RCC_PLLConfig                            0x080012e7   Thumb Code    16  stm32f10x_rcc.o(.text)
    RCC_PLLCmd                               0x080012f7   Thumb Code     6  stm32f10x_rcc.o(.text)
    RCC_SYSCLKConfig                         0x080012fd   Thumb Code    14  stm32f10x_rcc.o(.text)
    RCC_GetSYSCLKSource                      0x0800130b   Thumb Code    10  stm32f10x_rcc.o(.text)
    RCC_HCLKConfig                           0x08001315   Thumb Code    14  stm32f10x_rcc.o(.text)
    RCC_PCLK1Config                          0x08001323   Thumb Code    14  stm32f10x_rcc.o(.text)
    RCC_PCLK2Config                          0x08001331   Thumb Code    16  stm32f10x_rcc.o(.text)
    RCC_ITConfig                             0x08001341   Thumb Code    18  stm32f10x_rcc.o(.text)
    RCC_USBCLKConfig                         0x08001353   Thumb Code     8  stm32f10x_rcc.o(.text)
    RCC_ADCCLKConfig                         0x0800135b   Thumb Code    14  stm32f10x_rcc.o(.text)
    RCC_LSEConfig                            0x08001369   Thumb Code    28  stm32f10x_rcc.o(.text)
    RCC_LSICmd                               0x08001385   Thumb Code     6  stm32f10x_rcc.o(.text)
    RCC_RTCCLKConfig                         0x0800138b   Thumb Code    10  stm32f10x_rcc.o(.text)
    RCC_RTCCLKCmd                            0x08001395   Thumb Code     8  stm32f10x_rcc.o(.text)
    RCC_GetClocksFreq                        0x0800139d   Thumb Code   128  stm32f10x_rcc.o(.text)
    RCC_AHBPeriphClockCmd                    0x0800141d   Thumb Code    18  stm32f10x_rcc.o(.text)
    RCC_APB2PeriphClockCmd                   0x0800142f   Thumb Code    18  stm32f10x_rcc.o(.text)
    RCC_APB1PeriphClockCmd                   0x08001441   Thumb Code    18  stm32f10x_rcc.o(.text)
    RCC_APB2PeriphResetCmd                   0x08001453   Thumb Code    18  stm32f10x_rcc.o(.text)
    RCC_APB1PeriphResetCmd                   0x08001465   Thumb Code    18  stm32f10x_rcc.o(.text)
    RCC_BackupResetCmd                       0x08001477   Thumb Code     8  stm32f10x_rcc.o(.text)
    RCC_ClockSecuritySystemCmd               0x0800147f   Thumb Code     6  stm32f10x_rcc.o(.text)
    RCC_MCOConfig                            0x08001485   Thumb Code     6  stm32f10x_rcc.o(.text)
    RCC_ClearFlag                            0x0800148b   Thumb Code    12  stm32f10x_rcc.o(.text)
    RCC_GetITStatus                          0x08001497   Thumb Code    16  stm32f10x_rcc.o(.text)
    RCC_ClearITPendingBit                    0x080014a7   Thumb Code     6  stm32f10x_rcc.o(.text)
    USART_DeInit                             0x080014cd   Thumb Code    96  stm32f10x_usart.o(.text)
    USART_Init                               0x0800152d   Thumb Code   166  stm32f10x_usart.o(.text)
    USART_StructInit                         0x080015d3   Thumb Code    22  stm32f10x_usart.o(.text)
    USART_ClockInit                          0x080015e9   Thumb Code    30  stm32f10x_usart.o(.text)
    USART_ClockStructInit                    0x08001607   Thumb Code    12  stm32f10x_usart.o(.text)
    USART_Cmd                                0x08001613   Thumb Code    20  stm32f10x_usart.o(.text)
    USART_ITConfig                           0x08001627   Thumb Code    48  stm32f10x_usart.o(.text)
    USART_DMACmd                             0x08001657   Thumb Code    16  stm32f10x_usart.o(.text)
    USART_SetAddress                         0x08001667   Thumb Code    16  stm32f10x_usart.o(.text)
    USART_WakeUpConfig                       0x08001677   Thumb Code    16  stm32f10x_usart.o(.text)
    USART_ReceiverWakeUpCmd                  0x08001687   Thumb Code    20  stm32f10x_usart.o(.text)
    USART_LINBreakDetectLengthConfig         0x0800169b   Thumb Code    16  stm32f10x_usart.o(.text)
    USART_LINCmd                             0x080016ab   Thumb Code    20  stm32f10x_usart.o(.text)
    USART_SendData                           0x080016bf   Thumb Code     8  stm32f10x_usart.o(.text)
    USART_ReceiveData                        0x080016c7   Thumb Code     8  stm32f10x_usart.o(.text)
    USART_SendBreak                          0x080016cf   Thumb Code    10  stm32f10x_usart.o(.text)
    USART_SetGuardTime                       0x080016d9   Thumb Code    16  stm32f10x_usart.o(.text)
    USART_SetPrescaler                       0x080016e9   Thumb Code    16  stm32f10x_usart.o(.text)
    USART_SmartCardCmd                       0x080016f9   Thumb Code    20  stm32f10x_usart.o(.text)
    USART_SmartCardNACKCmd                   0x0800170d   Thumb Code    20  stm32f10x_usart.o(.text)
    USART_HalfDuplexCmd                      0x08001721   Thumb Code    20  stm32f10x_usart.o(.text)
    USART_OverSampling8Cmd                   0x08001735   Thumb Code    20  stm32f10x_usart.o(.text)
    USART_OneBitMethodCmd                    0x08001749   Thumb Code    20  stm32f10x_usart.o(.text)
    USART_IrDAConfig                         0x0800175d   Thumb Code    16  stm32f10x_usart.o(.text)
    USART_IrDACmd                            0x0800176d   Thumb Code    20  stm32f10x_usart.o(.text)
    USART_GetFlagStatus                      0x08001781   Thumb Code    14  stm32f10x_usart.o(.text)
    USART_ClearFlag                          0x0800178f   Thumb Code     6  stm32f10x_usart.o(.text)
    USART_GetITStatus                        0x08001795   Thumb Code    62  stm32f10x_usart.o(.text)
    USART_ClearITPendingBit                  0x080017d3   Thumb Code    12  stm32f10x_usart.o(.text)
    NVIC_PriorityGroupConfig                 0x080017f5   Thumb Code    10  misc.o(.text)
    NVIC_Init                                0x080017ff   Thumb Code    94  misc.o(.text)
    NVIC_SetVectorTable                      0x0800185d   Thumb Code    14  misc.o(.text)
    NVIC_SystemLPConfig                      0x0800186b   Thumb Code    20  misc.o(.text)
    SysTick_CLKSourceConfig                  0x0800187f   Thumb Code    24  misc.o(.text)
    EXTI_DeInit                              0x080018a5   Thumb Code    28  stm32f10x_exti.o(.text)
    EXTI_Init                                0x080018c1   Thumb Code   108  stm32f10x_exti.o(.text)
    EXTI_StructInit                          0x0800192d   Thumb Code    14  stm32f10x_exti.o(.text)
    EXTI_GenerateSWInterrupt                 0x0800193b   Thumb Code    12  stm32f10x_exti.o(.text)
    EXTI_GetFlagStatus                       0x08001947   Thumb Code    18  stm32f10x_exti.o(.text)
    EXTI_ClearFlag                           0x08001959   Thumb Code     8  stm32f10x_exti.o(.text)
    EXTI_GetITStatus                         0x08001961   Thumb Code    28  stm32f10x_exti.o(.text)
    EXTI_ClearITPendingBit                   0x0800197d   Thumb Code     8  stm32f10x_exti.o(.text)
    TIM_DeInit                               0x0800198d   Thumb Code   304  stm32f10x_tim.o(.text)
    TIM_TimeBaseInit                         0x08001abd   Thumb Code   114  stm32f10x_tim.o(.text)
    TIM_OC1Init                              0x08001b2f   Thumb Code   106  stm32f10x_tim.o(.text)
    TIM_OC2Init                              0x08001b99   Thumb Code   120  stm32f10x_tim.o(.text)
    TIM_OC3Init                              0x08001c11   Thumb Code   116  stm32f10x_tim.o(.text)
    TIM_OC4Init                              0x08001c85   Thumb Code    90  stm32f10x_tim.o(.text)
    TIM_SetIC4Prescaler                      0x08001cdf   Thumb Code    24  stm32f10x_tim.o(.text)
    TIM_SetIC3Prescaler                      0x08001cf7   Thumb Code    16  stm32f10x_tim.o(.text)
    TIM_SetIC2Prescaler                      0x08001d07   Thumb Code    24  stm32f10x_tim.o(.text)
    TIM_SetIC1Prescaler                      0x08001dc5   Thumb Code    16  stm32f10x_tim.o(.text)
    TIM_ICInit                               0x08001e2d   Thumb Code   272  stm32f10x_tim.o(.text)
    TIM_PWMIConfig                           0x08001f3d   Thumb Code   104  stm32f10x_tim.o(.text)
    TIM_BDTRConfig                           0x08001fa5   Thumb Code    34  stm32f10x_tim.o(.text)
    TIM_TimeBaseStructInit                   0x08001fc7   Thumb Code    18  stm32f10x_tim.o(.text)
    TIM_OCStructInit                         0x08001fd9   Thumb Code    20  stm32f10x_tim.o(.text)
    TIM_ICStructInit                         0x08001fed   Thumb Code    16  stm32f10x_tim.o(.text)
    TIM_BDTRStructInit                       0x08001ffd   Thumb Code    18  stm32f10x_tim.o(.text)
    TIM_Cmd                                  0x0800200f   Thumb Code    20  stm32f10x_tim.o(.text)
    TIM_CtrlPWMOutputs                       0x08002023   Thumb Code    22  stm32f10x_tim.o(.text)
    TIM_ITConfig                             0x08002039   Thumb Code    16  stm32f10x_tim.o(.text)
    TIM_GenerateEvent                        0x08002049   Thumb Code     4  stm32f10x_tim.o(.text)
    TIM_DMAConfig                            0x0800204d   Thumb Code     8  stm32f10x_tim.o(.text)
    TIM_DMACmd                               0x08002055   Thumb Code    16  stm32f10x_tim.o(.text)
    TIM_InternalClockConfig                  0x08002065   Thumb Code    10  stm32f10x_tim.o(.text)
    TIM_SelectInputTrigger                   0x0800206f   Thumb Code    12  stm32f10x_tim.o(.text)
    TIM_ITRxExternalClockConfig              0x0800207b   Thumb Code    18  stm32f10x_tim.o(.text)
    TIM_TIxExternalClockConfig               0x0800208d   Thumb Code    46  stm32f10x_tim.o(.text)
    TIM_ETRConfig                            0x080020bb   Thumb Code    24  stm32f10x_tim.o(.text)
    TIM_ETRClockMode1Config                  0x080020d3   Thumb Code    18  stm32f10x_tim.o(.text)
    TIM_ETRClockMode2Config                  0x080020e5   Thumb Code    18  stm32f10x_tim.o(.text)
    TIM_PrescalerConfig                      0x080020f7   Thumb Code     6  stm32f10x_tim.o(.text)
    TIM_CounterModeConfig                    0x080020fd   Thumb Code    12  stm32f10x_tim.o(.text)
    TIM_EncoderInterfaceConfig               0x08002109   Thumb Code    50  stm32f10x_tim.o(.text)
    TIM_ForcedOC1Config                      0x0800213b   Thumb Code    12  stm32f10x_tim.o(.text)
    TIM_ForcedOC2Config                      0x08002147   Thumb Code    20  stm32f10x_tim.o(.text)
    TIM_ForcedOC3Config                      0x0800215b   Thumb Code    12  stm32f10x_tim.o(.text)
    TIM_ForcedOC4Config                      0x08002167   Thumb Code    20  stm32f10x_tim.o(.text)
    TIM_ARRPreloadConfig                     0x0800217b   Thumb Code    20  stm32f10x_tim.o(.text)
    TIM_SelectCOM                            0x0800218f   Thumb Code    20  stm32f10x_tim.o(.text)
    TIM_SelectCCDMA                          0x080021a3   Thumb Code    20  stm32f10x_tim.o(.text)
    TIM_CCPreloadControl                     0x080021b7   Thumb Code    20  stm32f10x_tim.o(.text)
    TIM_OC1PreloadConfig                     0x080021cb   Thumb Code    34  stm32f10x_tim.o(.text)
    TIM_OC2PreloadConfig                     0x080021ed   Thumb Code    20  stm32f10x_tim.o(.text)
    TIM_OC3PreloadConfig                     0x08002201   Thumb Code    12  stm32f10x_tim.o(.text)
    TIM_OC4PreloadConfig                     0x0800220d   Thumb Code    20  stm32f10x_tim.o(.text)
    TIM_OC1FastConfig                        0x08002221   Thumb Code    12  stm32f10x_tim.o(.text)
    TIM_OC2FastConfig                        0x0800222d   Thumb Code    20  stm32f10x_tim.o(.text)
    TIM_OC3FastConfig                        0x08002241   Thumb Code    12  stm32f10x_tim.o(.text)
    TIM_OC4FastConfig                        0x0800224d   Thumb Code    20  stm32f10x_tim.o(.text)
    TIM_ClearOC1Ref                          0x08002261   Thumb Code    12  stm32f10x_tim.o(.text)
    TIM_ClearOC2Ref                          0x0800226d   Thumb Code    20  stm32f10x_tim.o(.text)
    TIM_ClearOC3Ref                          0x08002281   Thumb Code    12  stm32f10x_tim.o(.text)
    TIM_ClearOC4Ref                          0x0800228d   Thumb Code    20  stm32f10x_tim.o(.text)
    TIM_OC1PolarityConfig                    0x080022a1   Thumb Code    12  stm32f10x_tim.o(.text)
    TIM_OC1NPolarityConfig                   0x080022ad   Thumb Code    12  stm32f10x_tim.o(.text)
    TIM_OC2PolarityConfig                    0x080022b9   Thumb Code    20  stm32f10x_tim.o(.text)
    TIM_OC2NPolarityConfig                   0x080022cd   Thumb Code    20  stm32f10x_tim.o(.text)
    TIM_OC3PolarityConfig                    0x080022e1   Thumb Code    20  stm32f10x_tim.o(.text)
    TIM_OC3NPolarityConfig                   0x080022f5   Thumb Code    20  stm32f10x_tim.o(.text)
    TIM_OC4PolarityConfig                    0x08002309   Thumb Code    20  stm32f10x_tim.o(.text)
    TIM_CCxCmd                               0x0800231d   Thumb Code    22  stm32f10x_tim.o(.text)
    TIM_CCxNCmd                              0x08002333   Thumb Code    22  stm32f10x_tim.o(.text)
    TIM_SelectOCxM                           0x08002349   Thumb Code    70  stm32f10x_tim.o(.text)
    TIM_UpdateDisableConfig                  0x0800238f   Thumb Code    20  stm32f10x_tim.o(.text)
    TIM_UpdateRequestConfig                  0x080023a3   Thumb Code    20  stm32f10x_tim.o(.text)
    TIM_SelectHallSensor                     0x080023b7   Thumb Code    20  stm32f10x_tim.o(.text)
    TIM_SelectOnePulseMode                   0x080023cb   Thumb Code    16  stm32f10x_tim.o(.text)
    TIM_SelectOutputTrigger                  0x080023db   Thumb Code    16  stm32f10x_tim.o(.text)
    TIM_SelectSlaveMode                      0x080023eb   Thumb Code    16  stm32f10x_tim.o(.text)
    TIM_SelectMasterSlaveMode                0x080023fb   Thumb Code    16  stm32f10x_tim.o(.text)
    TIM_SetCounter                           0x0800240b   Thumb Code     4  stm32f10x_tim.o(.text)
    TIM_SetAutoreload                        0x0800240f   Thumb Code     4  stm32f10x_tim.o(.text)
    TIM_SetCompare1                          0x08002413   Thumb Code     4  stm32f10x_tim.o(.text)
    TIM_SetCompare2                          0x08002417   Thumb Code     4  stm32f10x_tim.o(.text)
    TIM_SetCompare3                          0x0800241b   Thumb Code     4  stm32f10x_tim.o(.text)
    TIM_SetCompare4                          0x0800241f   Thumb Code     6  stm32f10x_tim.o(.text)
    TIM_SetClockDivision                     0x08002425   Thumb Code    16  stm32f10x_tim.o(.text)
    TIM_GetCapture1                          0x08002435   Thumb Code     4  stm32f10x_tim.o(.text)
    TIM_GetCapture2                          0x08002439   Thumb Code     4  stm32f10x_tim.o(.text)
    TIM_GetCapture3                          0x0800243d   Thumb Code     4  stm32f10x_tim.o(.text)
    TIM_GetCapture4                          0x08002441   Thumb Code     6  stm32f10x_tim.o(.text)
    TIM_GetCounter                           0x08002447   Thumb Code     4  stm32f10x_tim.o(.text)
    TIM_GetPrescaler                         0x0800244b   Thumb Code     4  stm32f10x_tim.o(.text)
    TIM_GetFlagStatus                        0x0800244f   Thumb Code    14  stm32f10x_tim.o(.text)
    TIM_ClearFlag                            0x0800245d   Thumb Code     6  stm32f10x_tim.o(.text)
    TIM_GetITStatus                          0x08002463   Thumb Code    24  stm32f10x_tim.o(.text)
    TIM_ClearITPendingBit                    0x0800247b   Thumb Code     6  stm32f10x_tim.o(.text)
    VL53L0X_GetVersion                       0x08002481   Thumb Code    22  vl53l0x_api.o(.text)
    VL53L0X_GetPalSpecVersion                0x08002497   Thumb Code    24  vl53l0x_api.o(.text)
    VL53L0X_GetProductRevision               0x080024af   Thumb Code    28  vl53l0x_api.o(.text)
    VL53L0X_GetDeviceInfo                    0x080024cb   Thumb Code     4  vl53l0x_api.o(.text)
    VL53L0X_GetDeviceErrorStatus             0x080024cf   Thumb Code    24  vl53l0x_api.o(.text)
    VL53L0X_GetDeviceErrorString             0x080024e7   Thumb Code     4  vl53l0x_api.o(.text)
    VL53L0X_GetRangeStatusString             0x080024eb   Thumb Code     4  vl53l0x_api.o(.text)
    VL53L0X_GetPalErrorString                0x080024ef   Thumb Code     4  vl53l0x_api.o(.text)
    VL53L0X_GetPalStateString                0x080024f3   Thumb Code     4  vl53l0x_api.o(.text)
    VL53L0X_GetPalState                      0x080024f7   Thumb Code    12  vl53l0x_api.o(.text)
    VL53L0X_GetVcselPulsePeriod              0x08002503   Thumb Code     4  vl53l0x_api.o(.text)
    VL53L0X_SetMeasurementTimingBudgetMicroSeconds 0x08002507   Thumb Code     4  vl53l0x_api.o(.text)
    VL53L0X_SetSequenceStepEnable            0x0800250b   Thumb Code   174  vl53l0x_api.o(.text)
    VL53L0X_GetFractionEnable                0x080025b9   Thumb Code    26  vl53l0x_api.o(.text)
    VL53L0X_GetMeasurementTimingBudgetMicroSeconds 0x080025d3   Thumb Code     4  vl53l0x_api.o(.text)
    VL53L0X_GetWrapAroundCheckEnable         0x080025d7   Thumb Code    44  vl53l0x_api.o(.text)
    VL53L0X_GetLimitCheckEnable              0x08002603   Thumb Code    24  vl53l0x_api.o(.text)
    VL53L0X_GetLimitCheckValue               0x0800261b   Thumb Code   124  vl53l0x_api.o(.text)
    VL53L0X_GetOffsetCalibrationDataMicroMeter 0x08002697   Thumb Code     4  vl53l0x_api.o(.text)
    VL53L0X_GetXTalkCompensationRateMegaCps  0x0800269b   Thumb Code    44  vl53l0x_api.o(.text)
    VL53L0X_GetInterMeasurementPeriodMilliSeconds 0x080026c7   Thumb Code    54  vl53l0x_api.o(.text)
    VL53L0X_GetDeviceMode                    0x080026fd   Thumb Code    10  vl53l0x_api.o(.text)
    VL53L0X_GetDeviceParameters              0x08002707   Thumb Code   126  vl53l0x_api.o(.text)
    VL53L0X_ClearInterruptMask               0x08002785   Thumb Code    76  vl53l0x_api.o(.text)
    VL53L0X_SetGpioConfig                    0x080027d1   Thumb Code   310  vl53l0x_api.o(.text)
    VL53L0X_StaticInit                       0x08002907   Thumb Code   366  vl53l0x_api.o(.text)
    VL53L0X_SetPowerMode                     0x08002a75   Thumb Code    70  vl53l0x_api.o(.text)
    VL53L0X_GetPowerMode                     0x08002abb   Thumb Code    36  vl53l0x_api.o(.text)
    VL53L0X_SetOffsetCalibrationDataMicroMeter 0x08002adf   Thumb Code     4  vl53l0x_api.o(.text)
    VL53L0X_SetLinearityCorrectiveGain       0x08002ae3   Thumb Code    34  vl53l0x_api.o(.text)
    VL53L0X_GetLinearityCorrectiveGain       0x08002b05   Thumb Code    12  vl53l0x_api.o(.text)
    VL53L0X_SetGroupParamHold                0x08002b11   Thumb Code     6  vl53l0x_api.o(.text)
    VL53L0X_GetUpperLimitMilliMeter          0x08002b17   Thumb Code     6  vl53l0x_api.o(.text)
    VL53L0X_GetTotalSignalRate               0x08002b1d   Thumb Code    34  vl53l0x_api.o(.text)
    VL53L0X_SetDeviceAddress                 0x08002b3f   Thumb Code     8  vl53l0x_api.o(.text)
    VL53L0X_SetLimitCheckValue               0x08002b47   Thumb Code    80  vl53l0x_api.o(.text)
    VL53L0X_SetLimitCheckEnable              0x08002b97   Thumb Code   128  vl53l0x_api.o(.text)
    VL53L0X_DataInit                         0x08002c17   Thumb Code   416  vl53l0x_api.o(.text)
    VL53L0X_SetTuningSettingBuffer           0x08002db7   Thumb Code    36  vl53l0x_api.o(.text)
    VL53L0X_GetTuningSettingBuffer           0x08002ddb   Thumb Code    20  vl53l0x_api.o(.text)
    VL53L0X_WaitDeviceBooted                 0x08002def   Thumb Code     6  vl53l0x_api.o(.text)
    VL53L0X_ResetDevice                      0x08002df5   Thumb Code    90  vl53l0x_api.o(.text)
    VL53L0X_SetWrapAroundCheckEnable         0x08002e4f   Thumb Code    70  vl53l0x_api.o(.text)
    VL53L0X_SetXTalkCompensationRateMegaCps  0x08002e95   Thumb Code    46  vl53l0x_api.o(.text)
    VL53L0X_SetInterMeasurementPeriodMilliSeconds 0x08002ec3   Thumb Code    48  vl53l0x_api.o(.text)
    VL53L0X_SetDeviceMode                    0x08002ef3   Thumb Code    36  vl53l0x_api.o(.text)
    VL53L0X_SetDeviceParameters              0x08002f17   Thumb Code   116  vl53l0x_api.o(.text)
    VL53L0X_SetRangeFractionEnable           0x08002f8b   Thumb Code    24  vl53l0x_api.o(.text)
    VL53L0X_SetHistogramMode                 0x08002fa3   Thumb Code     6  vl53l0x_api.o(.text)
    VL53L0X_GetHistogramMode                 0x08002fa9   Thumb Code     6  vl53l0x_api.o(.text)
    VL53L0X_SetVcselPulsePeriod              0x08002faf   Thumb Code     4  vl53l0x_api.o(.text)
    sequence_step_enabled                    0x08002fb3   Thumb Code    56  vl53l0x_api.o(.text)
    VL53L0X_GetSequenceStepEnable            0x08002feb   Thumb Code    44  vl53l0x_api.o(.text)
    VL53L0X_GetSequenceStepEnables           0x08003017   Thumb Code   114  vl53l0x_api.o(.text)
    VL53L0X_GetNumberOfSequenceSteps         0x08003089   Thumb Code     8  vl53l0x_api.o(.text)
    VL53L0X_GetSequenceStepsInfo             0x08003091   Thumb Code     4  vl53l0x_api.o(.text)
    VL53L0X_SetSequenceStepTimeout           0x08003095   Thumb Code    90  vl53l0x_api.o(.text)
    VL53L0X_GetSequenceStepTimeout           0x080030ef   Thumb Code    38  vl53l0x_api.o(.text)
    VL53L0X_SetXTalkCompensationEnable       0x08003115   Thumb Code    52  vl53l0x_api.o(.text)
    VL53L0X_GetXTalkCompensationEnable       0x08003149   Thumb Code    10  vl53l0x_api.o(.text)
    VL53L0X_SetRefCalibration                0x08003153   Thumb Code     4  vl53l0x_api.o(.text)
    VL53L0X_GetRefCalibration                0x08003157   Thumb Code     4  vl53l0x_api.o(.text)
    VL53L0X_GetNumberOfLimitCheck            0x0800315b   Thumb Code    10  vl53l0x_api.o(.text)
    VL53L0X_GetLimitCheckInfo                0x08003165   Thumb Code     4  vl53l0x_api.o(.text)
    VL53L0X_GetLimitCheckStatus              0x08003169   Thumb Code    22  vl53l0x_api.o(.text)
    VL53L0X_GetLimitCheckCurrent             0x0800317f   Thumb Code    68  vl53l0x_api.o(.text)
    VL53L0X_SetDmaxCalParameters             0x080031c3   Thumb Code    46  vl53l0x_api.o(.text)
    VL53L0X_GetDmaxCalParameters             0x080031f1   Thumb Code    20  vl53l0x_api.o(.text)
    VL53L0X_GetInterruptThresholds           0x08003205   Thumb Code    52  vl53l0x_api.o(.text)
    VL53L0X_CheckAndLoadInterruptSettings    0x08003239   Thumb Code   118  vl53l0x_api.o(.text)
    VL53L0X_StartMeasurement                 0x080032af   Thumb Code   214  vl53l0x_api.o(.text)
    VL53L0X_PerformSingleMeasurement         0x08003385   Thumb Code    34  vl53l0x_api.o(.text)
    VL53L0X_PerformSingleHistogramMeasurement 0x080033a7   Thumb Code     6  vl53l0x_api.o(.text)
    VL53L0X_PerformRefCalibration            0x080033ad   Thumb Code     6  vl53l0x_api.o(.text)
    VL53L0X_PerformXTalkMeasurement          0x080033b3   Thumb Code     6  vl53l0x_api.o(.text)
    VL53L0X_PerformXTalkCalibration          0x080033b9   Thumb Code     4  vl53l0x_api.o(.text)
    VL53L0X_PerformOffsetCalibration         0x080033bd   Thumb Code     4  vl53l0x_api.o(.text)
    VL53L0X_StopMeasurement                  0x080033c1   Thumb Code    84  vl53l0x_api.o(.text)
    VL53L0X_GetInterruptMaskStatus           0x08003415   Thumb Code    34  vl53l0x_api.o(.text)
    VL53L0X_GetMeasurementDataReady          0x08003437   Thumb Code    58  vl53l0x_api.o(.text)
    VL53L0X_WaitDeviceReadyForNewMeasurement 0x08003471   Thumb Code     6  vl53l0x_api.o(.text)
    VL53L0X_GetRangingMeasurementData        0x08003477   Thumb Code   300  vl53l0x_api.o(.text)
    VL53L0X_GetMeasurementRefSignal          0x080035a3   Thumb Code    42  vl53l0x_api.o(.text)
    VL53L0X_GetHistogramMeasurementData      0x080035cd   Thumb Code     6  vl53l0x_api.o(.text)
    VL53L0X_PerformSingleRangingMeasurement  0x080035d3   Thumb Code    52  vl53l0x_api.o(.text)
    VL53L0X_SetNumberOfROIZones              0x08003607   Thumb Code    10  vl53l0x_api.o(.text)
    VL53L0X_GetNumberOfROIZones              0x08003611   Thumb Code     8  vl53l0x_api.o(.text)
    VL53L0X_GetMaxNumberOfROIZones           0x08003619   Thumb Code     8  vl53l0x_api.o(.text)
    VL53L0X_GetGpioConfig                    0x08003621   Thumb Code   122  vl53l0x_api.o(.text)
    VL53L0X_SetInterruptThresholds           0x0800369b   Thumb Code    38  vl53l0x_api.o(.text)
    VL53L0X_GetStopCompletedStatus           0x080036c1   Thumb Code   130  vl53l0x_api.o(.text)
    VL53L0X_EnableInterruptMask              0x08003743   Thumb Code     6  vl53l0x_api.o(.text)
    VL53L0X_SetSpadAmbientDamperThreshold    0x08003749   Thumb Code    44  vl53l0x_api.o(.text)
    VL53L0X_GetSpadAmbientDamperThreshold    0x08003775   Thumb Code    44  vl53l0x_api.o(.text)
    VL53L0X_SetSpadAmbientDamperFactor       0x080037a1   Thumb Code    44  vl53l0x_api.o(.text)
    VL53L0X_GetSpadAmbientDamperFactor       0x080037cd   Thumb Code    48  vl53l0x_api.o(.text)
    VL53L0X_SetReferenceSpads                0x080037fd   Thumb Code     4  vl53l0x_api.o(.text)
    VL53L0X_GetReferenceSpads                0x08003801   Thumb Code     4  vl53l0x_api.o(.text)
    VL53L0X_PerformRefSpadManagement         0x08003805   Thumb Code     4  vl53l0x_api.o(.text)
    VL53L0X_perform_xtalk_calibration        0x08003809   Thumb Code   224  vl53l0x_api_calibration.o(.text)
    VL53L0X_perform_offset_calibration       0x080038e9   Thumb Code   198  vl53l0x_api_calibration.o(.text)
    VL53L0X_set_offset_calibration_data_micro_meter 0x080039af   Thumb Code    52  vl53l0x_api_calibration.o(.text)
    VL53L0X_get_offset_calibration_data_micro_meter 0x080039e3   Thumb Code    50  vl53l0x_api_calibration.o(.text)
    VL53L0X_apply_offset_adjustment          0x08003a15   Thumb Code    50  vl53l0x_api_calibration.o(.text)
    get_next_good_spad                       0x08003a47   Thumb Code    90  vl53l0x_api_calibration.o(.text)
    is_aperture                              0x08003aa1   Thumb Code    20  vl53l0x_api_calibration.o(.text)
    enable_spad_bit                          0x08003ab5   Thumb Code    42  vl53l0x_api_calibration.o(.text)
    count_enabled_spads                      0x08003adf   Thumb Code   144  vl53l0x_api_calibration.o(.text)
    set_ref_spad_map                         0x08003b6f   Thumb Code    10  vl53l0x_api_calibration.o(.text)
    get_ref_spad_map                         0x08003b79   Thumb Code    10  vl53l0x_api_calibration.o(.text)
    enable_ref_spads                         0x08003b83   Thumb Code   146  vl53l0x_api_calibration.o(.text)
    perform_ref_signal_measurement           0x08003c15   Thumb Code   100  vl53l0x_api_calibration.o(.text)
    VL53L0X_ref_calibration_io               0x08003c79   Thumb Code   176  vl53l0x_api_calibration.o(.text)
    VL53L0X_perform_single_ref_calibration   0x08003d29   Thumb Code    56  vl53l0x_api_calibration.o(.text)
    VL53L0X_perform_phase_calibration        0x08003d61   Thumb Code   128  vl53l0x_api_calibration.o(.text)
    VL53L0X_perform_vhv_calibration          0x08003de1   Thumb Code   112  vl53l0x_api_calibration.o(.text)
    VL53L0X_perform_ref_calibration          0x08003e51   Thumb Code    64  vl53l0x_api_calibration.o(.text)
    VL53L0X_perform_ref_spad_management      0x08003e91   Thumb Code   540  vl53l0x_api_calibration.o(.text)
    VL53L0X_set_reference_spads              0x080040ad   Thumb Code   166  vl53l0x_api_calibration.o(.text)
    VL53L0X_get_reference_spads              0x08004153   Thumb Code   112  vl53l0x_api_calibration.o(.text)
    VL53L0X_set_ref_calibration              0x080041c3   Thumb Code    32  vl53l0x_api_calibration.o(.text)
    VL53L0X_get_ref_calibration              0x080041e3   Thumb Code    26  vl53l0x_api_calibration.o(.text)
    VL53L0X_reverse_bytes                    0x080041fd   Thumb Code    32  vl53l0x_api_core.o(.text)
    VL53L0X_measurement_poll_for_completion  0x0800421d   Thumb Code    54  vl53l0x_api_core.o(.text)
    VL53L0X_decode_vcsel_period              0x08004253   Thumb Code     8  vl53l0x_api_core.o(.text)
    VL53L0X_encode_vcsel_period              0x0800425b   Thumb Code    10  vl53l0x_api_core.o(.text)
    VL53L0X_isqrt                            0x08004265   Thumb Code    42  vl53l0x_api_core.o(.text)
    VL53L0X_quadrature_sum                   0x0800428f   Thumb Code    26  vl53l0x_api_core.o(.text)
    VL53L0X_device_read_strobe               0x080042a9   Thumb Code    74  vl53l0x_api_core.o(.text)
    VL53L0X_get_info_from_device             0x080042f3   Thumb Code  1320  vl53l0x_api_core.o(.text)
    VL53L0X_calc_macro_period_ps             0x0800481b   Thumb Code    16  vl53l0x_api_core.o(.text)
    VL53L0X_encode_timeout                   0x0800482b   Thumb Code    30  vl53l0x_api_core.o(.text)
    VL53L0X_decode_timeout                   0x08004849   Thumb Code    12  vl53l0x_api_core.o(.text)
    VL53L0X_calc_timeout_mclks               0x08004855   Thumb Code    34  vl53l0x_api_core.o(.text)
    VL53L0X_calc_timeout_us                  0x08004877   Thumb Code    34  vl53l0x_api_core.o(.text)
    get_sequence_step_timeout                0x08004899   Thumb Code   242  vl53l0x_api_core.o(.text)
    set_sequence_step_timeout                0x0800498b   Thumb Code   258  vl53l0x_api_core.o(.text)
    VL53L0X_set_vcsel_pulse_period           0x08004a8d   Thumb Code   542  vl53l0x_api_core.o(.text)
    VL53L0X_get_vcsel_pulse_period           0x08004cab   Thumb Code    48  vl53l0x_api_core.o(.text)
    VL53L0X_set_measurement_timing_budget_micro_seconds 0x08004cdb   Thumb Code   190  vl53l0x_api_core.o(.text)
    VL53L0X_get_measurement_timing_budget_micro_seconds 0x08004d99   Thumb Code   196  vl53l0x_api_core.o(.text)
    VL53L0X_load_tuning_settings             0x08004e5d   Thumb Code   164  vl53l0x_api_core.o(.text)
    VL53L0X_get_total_xtalk_rate             0x08004f01   Thumb Code    46  vl53l0x_api_core.o(.text)
    VL53L0X_get_total_signal_rate            0x08004f2f   Thumb Code    28  vl53l0x_api_core.o(.text)
    VL53L0X_calc_dmax                        0x08004f4b   Thumb Code   208  vl53l0x_api_core.o(.text)
    VL53L0X_calc_sigma_estimate              0x0800501b   Thumb Code   538  vl53l0x_api_core.o(.text)
    VL53L0X_get_pal_range_status             0x08005235   Thumb Code   500  vl53l0x_api_core.o(.text)
    VL53L0X_check_part_used                  0x08005429   Thumb Code    60  vl53l0x_api_strings.o(.text)
    VL53L0X_get_device_info                  0x08005465   Thumb Code   108  vl53l0x_api_strings.o(.text)
    VL53L0X_get_device_error_string          0x080054d1   Thumb Code   102  vl53l0x_api_strings.o(.text)
    VL53L0X_get_range_status_string          0x08005537   Thumb Code    56  vl53l0x_api_strings.o(.text)
    VL53L0X_get_pal_error_string             0x0800556f   Thumb Code   176  vl53l0x_api_strings.o(.text)
    VL53L0X_get_pal_state_string             0x0800561f   Thumb Code  1050  vl53l0x_api_strings.o(.text)
    VL53L0X_get_sequence_steps_info          0x08005a39   Thumb Code    54  vl53l0x_api_strings.o(.text)
    VL53L0X_get_limit_check_info             0x08005a6f   Thumb Code    56  vl53l0x_api_strings.o(.text)
    VL53L0X_i2c_init                         0x08005ba5   Thumb Code    48  vl53l0x_i2c.o(.text)
    VL_IIC_Start                             0x08005bd5   Thumb Code    56  vl53l0x_i2c.o(.text)
    VL_IIC_Stop                              0x08005c0d   Thumb Code    58  vl53l0x_i2c.o(.text)
    VL_IIC_Wait_Ack                          0x08005c47   Thumb Code    78  vl53l0x_i2c.o(.text)
    VL_IIC_Ack                               0x08005c95   Thumb Code    56  vl53l0x_i2c.o(.text)
    VL_IIC_NAck                              0x08005ccd   Thumb Code    56  vl53l0x_i2c.o(.text)
    VL_IIC_Send_Byte                         0x08005d05   Thumb Code    94  vl53l0x_i2c.o(.text)
    VL_IIC_Read_Byte                         0x08005d63   Thumb Code   102  vl53l0x_i2c.o(.text)
    VL_IIC_Write_1Byte                       0x08005dc9   Thumb Code    60  vl53l0x_i2c.o(.text)
    VL_IIC_Read_1Byte                        0x08005e05   Thumb Code    74  vl53l0x_i2c.o(.text)
    VL_IIC_Write_nByte                       0x08005e4f   Thumb Code    68  vl53l0x_i2c.o(.text)
    VL_IIC_Read_nByte                        0x08005e93   Thumb Code    98  vl53l0x_i2c.o(.text)
    VL53L0X_write_multi                      0x08005ef5   Thumb Code    22  vl53l0x_i2c.o(.text)
    VL53L0X_read_multi                       0x08005f0b   Thumb Code    22  vl53l0x_i2c.o(.text)
    VL53L0X_write_byte                       0x08005f21   Thumb Code    12  vl53l0x_i2c.o(.text)
    VL53L0X_write_word                       0x08005f2d   Thumb Code    50  vl53l0x_i2c.o(.text)
    VL53L0X_write_dword                      0x08005f5f   Thumb Code    34  vl53l0x_i2c.o(.text)
    VL53L0X_read_byte                        0x08005f81   Thumb Code     4  vl53l0x_i2c.o(.text)
    VL53L0X_read_word                        0x08005f85   Thumb Code    36  vl53l0x_i2c.o(.text)
    VL53L0X_read_dword                       0x08005fa9   Thumb Code    44  vl53l0x_i2c.o(.text)
    VL53L0X_WriteMulti                       0x08005fd5   Thumb Code    30  vl53l0x_platform.o(.text)
    VL53L0X_ReadMulti                        0x08005ff3   Thumb Code    30  vl53l0x_platform.o(.text)
    VL53L0X_WrByte                           0x08006011   Thumb Code    22  vl53l0x_platform.o(.text)
    VL53L0X_WrWord                           0x08006027   Thumb Code    22  vl53l0x_platform.o(.text)
    VL53L0X_WrDWord                          0x0800603d   Thumb Code    22  vl53l0x_platform.o(.text)
    VL53L0X_UpdateByte                       0x08006053   Thumb Code    66  vl53l0x_platform.o(.text)
    VL53L0X_RdByte                           0x08006095   Thumb Code    22  vl53l0x_platform.o(.text)
    VL53L0X_RdWord                           0x080060ab   Thumb Code    22  vl53l0x_platform.o(.text)
    VL53L0X_RdDWord                          0x080060c1   Thumb Code    22  vl53l0x_platform.o(.text)
    VL53L0X_PollingDelay                     0x080060d7   Thumb Code    18  vl53l0x_platform.o(.text)
    print_pal_error                          0x080060e9   Thumb Code    26  vl53l0x.o(.text)
    vl53l0x_Addr_set                         0x08006103   Thumb Code   124  vl53l0x.o(.text)
    vl53l0x_reset                            0x0800617f   Thumb Code    60  vl53l0x.o(.text)
    vl53l0x_init                             0x080061bb   Thumb Code   132  vl53l0x.o(.text)
    vl53l0x_test                             0x0800623f   Thumb Code    46  vl53l0x.o(.text)
    vl53l0x_set_mode                         0x080062c1   Thumb Code   232  vl53l0x_gen.o(.text)
    vl53l0x_start_single_test                0x080063a9   Thumb Code    20  vl53l0x_gen.o(.text)
    vl53l0x_general_start                    0x080063bd   Thumb Code    74  vl53l0x_gen.o(.text)
    vl53l0x_general_test                     0x08006407   Thumb Code     4  vl53l0x_gen.o(.text)
    __aeabi_memcpy                           0x08006445   Thumb Code    36  memcpya.o(.text)
    __aeabi_memcpy4                          0x08006445   Thumb Code     0  memcpya.o(.text)
    __aeabi_memcpy8                          0x08006445   Thumb Code     0  memcpya.o(.text)
    __aeabi_memset                           0x08006469   Thumb Code    14  memseta.o(.text)
    __aeabi_memset4                          0x08006469   Thumb Code     0  memseta.o(.text)
    __aeabi_memset8                          0x08006469   Thumb Code     0  memseta.o(.text)
    __aeabi_memclr                           0x08006477   Thumb Code     4  memseta.o(.text)
    __aeabi_memclr4                          0x08006477   Thumb Code     0  memseta.o(.text)
    __aeabi_memclr8                          0x08006477   Thumb Code     0  memseta.o(.text)
    _memset$wrapper                          0x0800647b   Thumb Code    18  memseta.o(.text)
    strcpy                                   0x0800648d   Thumb Code    18  strcpy.o(.text)
    __aeabi_dmul                             0x0800649f   Thumb Code   228  dmul.o(.text)
    __aeabi_ddiv                             0x08006583   Thumb Code   222  ddiv.o(.text)
    __ARM_scalbn                             0x08006661   Thumb Code    46  dscalb.o(.text)
    scalbn                                   0x08006661   Thumb Code     0  dscalb.o(.text)
    __aeabi_ui2d                             0x0800668f   Thumb Code    26  dfltui.o(.text)
    __aeabi_d2uiz                            0x080066a9   Thumb Code    50  dfixui.o(.text)
    __aeabi_uidiv                            0x080066db   Thumb Code     0  uidiv.o(.text)
    __aeabi_uidivmod                         0x080066db   Thumb Code    44  uidiv.o(.text)
    __aeabi_uldivmod                         0x08006707   Thumb Code    98  uldiv.o(.text)
    __aeabi_llsr                             0x08006769   Thumb Code    32  llushr.o(.text)
    _ll_ushift_r                             0x08006769   Thumb Code     0  llushr.o(.text)
    __I$use$fp                               0x08006789   Thumb Code     0  iusefp.o(.text)
    _double_round                            0x08006789   Thumb Code    30  depilogue.o(.text)
    _double_epilogue                         0x080067a7   Thumb Code   156  depilogue.o(.text)
    __aeabi_dadd                             0x08006843   Thumb Code   322  dadd.o(.text)
    __aeabi_dsub                             0x08006985   Thumb Code     6  dadd.o(.text)
    __aeabi_drsub                            0x0800698b   Thumb Code     6  dadd.o(.text)
    __aeabi_d2ulz                            0x08006991   Thumb Code    48  dfixul.o(.text)
    __aeabi_cdrcmple                         0x080069c1   Thumb Code    48  cdrcmple.o(.text)
    __scatterload                            0x080069f1   Thumb Code    28  init.o(.text)
    __scatterload_rt2                        0x080069f1   Thumb Code     0  init.o(.text)
    __aeabi_llsl                             0x08006a15   Thumb Code    30  llshl.o(.text)
    _ll_shift_l                              0x08006a15   Thumb Code     0  llshl.o(.text)
    __aeabi_lasr                             0x08006a33   Thumb Code    36  llsshr.o(.text)
    _ll_sshift_r                             0x08006a33   Thumb Code     0  llsshr.o(.text)
    __decompress                             0x08006a57   Thumb Code     0  __dczerorl2.o(.text)
    __decompress1                            0x08006a57   Thumb Code    86  __dczerorl2.o(.text)
    __0printf                                0x08006aad   Thumb Code    22  printfa.o(i.__0printf)
    __1printf                                0x08006aad   Thumb Code     0  printfa.o(i.__0printf)
    __2printf                                0x08006aad   Thumb Code     0  printfa.o(i.__0printf)
    __c89printf                              0x08006aad   Thumb Code     0  printfa.o(i.__0printf)
    printf                                   0x08006aad   Thumb Code     0  printfa.o(i.__0printf)
    __0sprintf                               0x08006acd   Thumb Code    34  printfa.o(i.__0sprintf)
    __1sprintf                               0x08006acd   Thumb Code     0  printfa.o(i.__0sprintf)
    __2sprintf                               0x08006acd   Thumb Code     0  printfa.o(i.__0sprintf)
    __c89sprintf                             0x08006acd   Thumb Code     0  printfa.o(i.__0sprintf)
    sprintf                                  0x08006acd   Thumb Code     0  printfa.o(i.__0sprintf)
    __scatterload_copy                       0x08006af5   Thumb Code    14  handlers.o(i.__scatterload_copy)
    __scatterload_null                       0x08006b03   Thumb Code     2  handlers.o(i.__scatterload_null)
    __scatterload_zeroinit                   0x08006b05   Thumb Code    14  handlers.o(i.__scatterload_zeroinit)
    F6x8                                     0x080073a8   Data         552  oled.o(.constdata)
    Region$$Table$$Base                      0x080075d0   Number         0  anon$$obj.o(Region$$Table)
    Region$$Table$$Limit                     0x080075f0   Number         0  anon$$obj.o(Region$$Table)
    PEDAL_STATE                              0x20000000   Data           1  main.o(.data)
    WARNING_Flag                             0x20000001   Data           1  main.o(.data)
    BEEP_Time                                0x20000002   Data           2  main.o(.data)
    BEEP_Counter                             0x20000004   Data           2  main.o(.data)
    Speed_Value                              0x20000006   Data           2  main.o(.data)
    Speed_1                                  0x20000008   Data           4  main.o(.data)
    Speed_2                                  0x2000000c   Data           4  main.o(.data)
    Average_Speed                            0x20000010   Data           4  main.o(.data)
    Velocity                                 0x20000018   Data           8  main.o(.data)
    SystemCoreClock                          0x20000020   Data           4  system_stm32f10x.o(.data)
    AHBPrescTable                            0x20000024   Data          16  system_stm32f10x.o(.data)
    Hzk                                      0x20000034   Data         896  oled.o(.data)
    USART_RX_STA                             0x200003b8   Data           2  usart.o(.data)
    __stdout                                 0x200003bc   Data           4  usart.o(.data)
    DefaultTuningSettings                    0x200003d4   Data         243  vl53l0x_api.o(.data)
    InterruptThresholdSettings               0x200004c7   Data         438  vl53l0x_api.o(.data)
    refArrayQuadrants                        0x20000680   Data          16  vl53l0x_api_calibration.o(.data)
    AjustOK                                  0x20000690   Data           1  vl53l0x.o(.data)
    Mode_data                                0x20000691   Data          56  vl53l0x.o(.data)
    Distance_data                            0x200006ca   Data           2  vl53l0x_gen.o(.data)
    USART_RX_BUF                             0x200006cc   Data         200  usart.o(.bss)
    vl53l0x_dev                              0x20000794   Data         352  vl53l0x.o(.bss)
    vl53l0x_dev_info                         0x200008f4   Data          99  vl53l0x.o(.bss)
    vl53l0x_data                             0x20000958   Data          28  vl53l0x_gen.o(.bss)
    __initial_sp                             0x20000d78   Data           0  startup_stm32f10x_md.o(STACK)



==============================================================================

Memory Map of the image

  Image Entry point : 0x080000ed

  Load Region LR_IROM1 (Base: 0x08000000, Size: 0x00007cbc, Max: 0x00010000, ABSOLUTE, COMPRESSED[0x00007a70])

    Execution Region ER_IROM1 (Exec base: 0x08000000, Load base: 0x08000000, Size: 0x000075f0, Max: 0x00010000, ABSOLUTE)

    Exec Addr    Load Addr    Size         Type   Attr      Idx    E Section Name        Object

    0x08000000   0x08000000   0x000000ec   Data   RO          495    RESET               startup_stm32f10x_md.o
    0x080000ec   0x080000ec   0x00000000   Code   RO          764  * .ARM.Collect$$$$00000000  mc_w.l(entry.o)
    0x080000ec   0x080000ec   0x00000004   Code   RO         1046    .ARM.Collect$$$$00000001  mc_w.l(entry2.o)
    0x080000f0   0x080000f0   0x00000004   Code   RO         1049    .ARM.Collect$$$$00000004  mc_w.l(entry5.o)
    0x080000f4   0x080000f4   0x00000000   Code   RO         1051    .ARM.Collect$$$$00000008  mc_w.l(entry7b.o)
    0x080000f4   0x080000f4   0x00000000   Code   RO         1053    .ARM.Collect$$$$0000000A  mc_w.l(entry8b.o)
    0x080000f4   0x080000f4   0x00000008   Code   RO         1054    .ARM.Collect$$$$0000000B  mc_w.l(entry9a.o)
    0x080000fc   0x080000fc   0x00000004   Code   RO         1061    .ARM.Collect$$$$0000000E  mc_w.l(entry12b.o)
    0x08000100   0x08000100   0x00000000   Code   RO         1056    .ARM.Collect$$$$0000000F  mc_w.l(entry10a.o)
    0x08000100   0x08000100   0x00000000   Code   RO         1058    .ARM.Collect$$$$00000011  mc_w.l(entry11a.o)
    0x08000100   0x08000100   0x00000004   Code   RO         1047    .ARM.Collect$$$$00002712  mc_w.l(entry2.o)
    0x08000104   0x08000104   0x000003ec   Code   RO            1    .text               main.o
    0x080004f0   0x080004f0   0x00000012   Code   RO          178    .text               stm32f10x_it.o
    0x08000502   0x08000502   0x00000002   PAD
    0x08000504   0x08000504   0x00000154   Code   RO          276    .text               system_stm32f10x.o
    0x08000658   0x08000658   0x000002f0   Code   RO          294    .text               led.o
    0x08000948   0x08000948   0x000003bc   Code   RO          385    .text               oled.o
    0x08000d04   0x08000d04   0x000000d8   Code   RO          412    .text               exti.o
    0x08000ddc   0x08000ddc   0x00000098   Code   RO          428    .text               delay.o
    0x08000e74   0x08000e74   0x00000114   Code   RO          459    .text               usart.o
    0x08000f88   0x08000f88   0x00000024   Code   RO          496    .text               startup_stm32f10x_md.o
    0x08000fac   0x08000fac   0x0000026c   Code   RO          500    .text               stm32f10x_gpio.o
    0x08001218   0x08001218   0x000002b4   Code   RO          512    .text               stm32f10x_rcc.o
    0x080014cc   0x080014cc   0x00000328   Code   RO          526    .text               stm32f10x_usart.o
    0x080017f4   0x080017f4   0x000000b0   Code   RO          538    .text               misc.o
    0x080018a4   0x080018a4   0x000000e8   Code   RO          550    .text               stm32f10x_exti.o
    0x0800198c   0x0800198c   0x00000af4   Code   RO          562    .text               stm32f10x_tim.o
    0x08002480   0x08002480   0x00001388   Code   RO          575    .text               vl53l0x_api.o
    0x08003808   0x08003808   0x000009f4   Code   RO          651    .text               vl53l0x_api_calibration.o
    0x080041fc   0x080041fc   0x0000122c   Code   RO          667    .text               vl53l0x_api_core.o
    0x08005428   0x08005428   0x0000077c   Code   RO          686    .text               vl53l0x_api_strings.o
    0x08005ba4   0x08005ba4   0x00000430   Code   RO          698    .text               vl53l0x_i2c.o
    0x08005fd4   0x08005fd4   0x00000114   Code   RO          711    .text               vl53l0x_platform.o
    0x080060e8   0x080060e8   0x000001d8   Code   RO          723    .text               vl53l0x.o
    0x080062c0   0x080062c0   0x00000184   Code   RO          744    .text               vl53l0x_gen.o
    0x08006444   0x08006444   0x00000024   Code   RO          767    .text               mc_w.l(memcpya.o)
    0x08006468   0x08006468   0x00000024   Code   RO          769    .text               mc_w.l(memseta.o)
    0x0800648c   0x0800648c   0x00000012   Code   RO          771    .text               mc_w.l(strcpy.o)
    0x0800649e   0x0800649e   0x000000e4   Code   RO         1036    .text               mf_w.l(dmul.o)
    0x08006582   0x08006582   0x000000de   Code   RO         1038    .text               mf_w.l(ddiv.o)
    0x08006660   0x08006660   0x0000002e   Code   RO         1040    .text               mf_w.l(dscalb.o)
    0x0800668e   0x0800668e   0x0000001a   Code   RO         1042    .text               mf_w.l(dfltui.o)
    0x080066a8   0x080066a8   0x00000032   Code   RO         1044    .text               mf_w.l(dfixui.o)
    0x080066da   0x080066da   0x0000002c   Code   RO         1062    .text               mc_w.l(uidiv.o)
    0x08006706   0x08006706   0x00000062   Code   RO         1064    .text               mc_w.l(uldiv.o)
    0x08006768   0x08006768   0x00000020   Code   RO         1066    .text               mc_w.l(llushr.o)
    0x08006788   0x08006788   0x00000000   Code   RO         1068    .text               mc_w.l(iusefp.o)
    0x08006788   0x08006788   0x000000ba   Code   RO         1069    .text               mf_w.l(depilogue.o)
    0x08006842   0x08006842   0x0000014e   Code   RO         1071    .text               mf_w.l(dadd.o)
    0x08006990   0x08006990   0x00000030   Code   RO         1073    .text               mf_w.l(dfixul.o)
    0x080069c0   0x080069c0   0x00000030   Code   RO         1075    .text               mf_w.l(cdrcmple.o)
    0x080069f0   0x080069f0   0x00000024   Code   RO         1077    .text               mc_w.l(init.o)
    0x08006a14   0x08006a14   0x0000001e   Code   RO         1079    .text               mc_w.l(llshl.o)
    0x08006a32   0x08006a32   0x00000024   Code   RO         1081    .text               mc_w.l(llsshr.o)
    0x08006a56   0x08006a56   0x00000056   Code   RO         1091    .text               mc_w.l(__dczerorl2.o)
    0x08006aac   0x08006aac   0x00000020   Code   RO         1008    i.__0printf         mc_w.l(printfa.o)
    0x08006acc   0x08006acc   0x00000028   Code   RO         1010    i.__0sprintf        mc_w.l(printfa.o)
    0x08006af4   0x08006af4   0x0000000e   Code   RO         1085    i.__scatterload_copy  mc_w.l(handlers.o)
    0x08006b02   0x08006b02   0x00000002   Code   RO         1086    i.__scatterload_null  mc_w.l(handlers.o)
    0x08006b04   0x08006b04   0x0000000e   Code   RO         1087    i.__scatterload_zeroinit  mc_w.l(handlers.o)
    0x08006b12   0x08006b12   0x00000002   PAD
    0x08006b14   0x08006b14   0x00000184   Code   RO         1015    i._fp_digits        mc_w.l(printfa.o)
    0x08006c98   0x08006c98   0x000006b4   Code   RO         1016    i._printf_core      mc_w.l(printfa.o)
    0x0800734c   0x0800734c   0x00000024   Code   RO         1017    i._printf_post_padding  mc_w.l(printfa.o)
    0x08007370   0x08007370   0x0000002e   Code   RO         1018    i._printf_pre_padding  mc_w.l(printfa.o)
    0x0800739e   0x0800739e   0x0000000a   Code   RO         1020    i._sputc            mc_w.l(printfa.o)
    0x080073a8   0x080073a8   0x00000228   Data   RO          386    .constdata          oled.o
    0x080075d0   0x080075d0   0x00000020   Data   RO         1083    Region$$Table       anon$$obj.o


    Execution Region RW_IRAM1 (Exec base: 0x20000000, Load base: 0x080075f0, Size: 0x00000d78, Max: 0x00005000, ABSOLUTE, COMPRESSED[0x00000480])

    Exec Addr    Load Addr    Size         Type   Attr      Idx    E Section Name        Object

    0x20000000   COMPRESSED   0x00000020   Data   RW            2    .data               main.o
    0x20000020   COMPRESSED   0x00000014   Data   RW          277    .data               system_stm32f10x.o
    0x20000034   COMPRESSED   0x00000380   Data   RW          388    .data               oled.o
    0x200003b4   COMPRESSED   0x00000004   Data   RW          429    .data               delay.o
    0x200003b8   COMPRESSED   0x00000002   Data   RW          461    .data               usart.o
    0x200003ba   COMPRESSED   0x00000002   PAD
    0x200003bc   COMPRESSED   0x00000004   Data   RW          462    .data               usart.o
    0x200003c0   COMPRESSED   0x00000014   Data   RW          513    .data               stm32f10x_rcc.o
    0x200003d4   COMPRESSED   0x000002a9   Data   RW          576    .data               vl53l0x_api.o
    0x2000067d   COMPRESSED   0x00000003   PAD
    0x20000680   COMPRESSED   0x00000010   Data   RW          652    .data               vl53l0x_api_calibration.o
    0x20000690   COMPRESSED   0x00000001   Data   RW          725    .data               vl53l0x.o
    0x20000691   COMPRESSED   0x00000038   Data   RW          726    .data               vl53l0x.o
    0x200006c9   COMPRESSED   0x00000001   PAD
    0x200006ca   COMPRESSED   0x00000002   Data   RW          746    .data               vl53l0x_gen.o
    0x200006cc        -       0x000000c8   Zero   RW          460    .bss                usart.o
    0x20000794        -       0x000001c3   Zero   RW          724    .bss                vl53l0x.o
    0x20000957   COMPRESSED   0x00000001   PAD
    0x20000958        -       0x0000001c   Zero   RW          745    .bss                vl53l0x_gen.o
    0x20000974   COMPRESSED   0x00000004   PAD
    0x20000978        -       0x00000400   Zero   RW          493    STACK               startup_stm32f10x_md.o


==============================================================================

Image component sizes


      Code (inc. data)   RO Data    RW Data    ZI Data      Debug   Object Name

       152         14          0          4          0       1207   delay.o
       216         12          0          0          0       1584   exti.o
         0          0          0          0          0     205712   key.o
       752         26          0          0          0       2153   led.o
      1004        122          0         32          0     254003   main.o
       176         14          0          0          0       1973   misc.o
       956         14        552        896          0       5215   oled.o
        36          8        236          0       1024        820   startup_stm32f10x_md.o
       232          8          0          0          0       2475   stm32f10x_exti.o
       620         36          0          0          0       5941   stm32f10x_gpio.o
        18          0          0          0          0      44950   stm32f10x_it.o
       692         32          0         20          0       9152   stm32f10x_rcc.o
      2804         86          0          0          0      23062   stm32f10x_tim.o
       808         22          0          0          0       8856   stm32f10x_usart.o
         0          0          0          0          0         32   sys.o
       340         32          0         20          0       1931   system_stm32f10x.o
       276         16          0          6        200       3358   usart.o
       472         84          0         57        451       3698   vl53l0x.o
      5000         72          0        681          0      55847   vl53l0x_api.o
      2548         12          0         16          0      16834   vl53l0x_api_calibration.o
      4652         16          0          0          0      19994   vl53l0x_api_core.o
      1916       1266          0          0          0       4761   vl53l0x_api_strings.o
       388         58          0          2         28       2559   vl53l0x_gen.o
      1072          8          0          0          0       6977   vl53l0x_i2c.o
       276          0          0          0          0       4403   vl53l0x_platform.o

    ----------------------------------------------------------------------
     25408       1958        820       1740       1708     687497   Object Totals
         0          0         32          0          0          0   (incl. Generated)
         2          0          0          6          5          0   (incl. Padding)

    ----------------------------------------------------------------------

      Code (inc. data)   RO Data    RW Data    ZI Data      Debug   Library Member Name

        86          0          0          0          0          0   __dczerorl2.o
         0          0          0          0          0          0   entry.o
         0          0          0          0          0          0   entry10a.o
         0          0          0          0          0          0   entry11a.o
         4          0          0          0          0          0   entry12b.o
         8          4          0          0          0          0   entry2.o
         4          0          0          0          0          0   entry5.o
         0          0          0          0          0          0   entry7b.o
         0          0          0          0          0          0   entry8b.o
         8          4          0          0          0          0   entry9a.o
        30          0          0          0          0          0   handlers.o
        36          8          0          0          0         68   init.o
         0          0          0          0          0          0   iusefp.o
        30          0          0          0          0         68   llshl.o
        36          0          0          0          0         68   llsshr.o
        32          0          0          0          0         68   llushr.o
        36          0          0          0          0         68   memcpya.o
        36          0          0          0          0        108   memseta.o
      2268         96          0          0          0        616   printfa.o
        18          0          0          0          0         68   strcpy.o
        44          0          0          0          0         80   uidiv.o
        98          0          0          0          0         92   uldiv.o
        48          0          0          0          0         68   cdrcmple.o
       334          0          0          0          0        148   dadd.o
       222          0          0          0          0        100   ddiv.o
       186          0          0          0          0        176   depilogue.o
        50          0          0          0          0         76   dfixui.o
        48          0          0          0          0         68   dfixul.o
        26          0          0          0          0         76   dfltui.o
       228          0          0          0          0         96   dmul.o
        46          0          0          0          0         80   dscalb.o

    ----------------------------------------------------------------------
      3964        112          0          0          0       2192   Library Totals
         2          0          0          0          0          0   (incl. Padding)

    ----------------------------------------------------------------------

      Code (inc. data)   RO Data    RW Data    ZI Data      Debug   Library Name

      2774        112          0          0          0       1304   mc_w.l
      1188          0          0          0          0        888   mf_w.l

    ----------------------------------------------------------------------
      3964        112          0          0          0       2192   Library Totals

    ----------------------------------------------------------------------

==============================================================================


      Code (inc. data)   RO Data    RW Data    ZI Data      Debug   

     29372       2070        820       1740       1708     686021   Grand Totals
     29372       2070        820       1152       1708     686021   ELF Image Totals (compressed)
     29372       2070        820       1152          0          0   ROM Totals

==============================================================================

    Total RO  Size (Code + RO Data)                30192 (  29.48kB)
    Total RW  Size (RW Data + ZI Data)              3448 (   3.37kB)
    Total ROM Size (Code + RO Data + RW Data)      31344 (  30.61kB)

==============================================================================

